Component: ARM Compiler 5.06 update 7 (build 960) Tool: armlink [4d3601]

==============================================================================

Section Cross References

    main.o(.text) refers to stm32f10x_usart.o(.text) for USART_SendData
    main.o(.text) refers to stm32f10x_rcc.o(.text) for RCC_APB2PeriphClockCmd
    main.o(.text) refers to stm32f10x_gpio.o(.text) for GPIO_Init
    main.o(.text) refers to stm32f10x_tim.o(.text) for TIM_GetITStatus
    main.o(.text) refers to xprintf.o(.text) for xprintf
    main.o(.text) refers to noretval__2printf.o(.text) for __2printf
    main.o(.text) refers to main.o(.data) for msTicks
    main.o(.text) refers to misc.o(.text) for NVIC_Init
    main.o(.text) refers to system_stm32f10x.o(.text) for SystemInit
    main.o(.text) refers to delay.o(.text) for DelayInit
    delay.o(.text) refers to system_stm32f10x.o(.text) for SystemCoreClockUpdate
    delay.o(.text) refers to delay.o(.data) for usTicks
    delay.o(.text) refers to system_stm32f10x.o(.data) for SystemCoreClock
    xprintf.o(.text) refers to _printf_percent.o(.ARM.Collect$$_printf_percent$$00000000) for _printf_percent
    xprintf.o(.text) refers to _printf_d.o(.ARM.Collect$$_printf_percent$$00000009) for _printf_d
    xprintf.o(.text) refers to _printf_dec.o(.text) for _printf_int_dec
    xprintf.o(.text) refers to _printf_c.o(.ARM.Collect$$_printf_percent$$00000013) for _printf_c
    xprintf.o(.text) refers to _printf_str.o(.text) for _printf_str
    xprintf.o(.text) refers to noretval__2printf.o(.text) for __2printf
    xprintf.o(.text) refers to strcpy.o(.text) for strcpy
    xprintf.o(.text) refers to strlen.o(.text) for strlen
    xprintf.o(.text) refers to xprintf.o(.constdata) for font1
    xprintf.o(.text) refers to xprintf.o(.data) for G
    xprintf.o(.text) refers to xprintf.o(.conststring) for .conststring
    stm32f10x_gpio.o(.text) refers to stm32f10x_rcc.o(.text) for RCC_APB2PeriphResetCmd
    stm32f10x_rcc.o(.text) refers to stm32f10x_rcc.o(.data) for APBAHBPrescTable
    stm32f10x_tim.o(.text) refers to stm32f10x_rcc.o(.text) for RCC_APB2PeriphResetCmd
    startup_stm32f10x_md.o(STACK) refers (Special) to heapauxi.o(.text) for __use_two_region_memory
    startup_stm32f10x_md.o(HEAP) refers (Special) to heapauxi.o(.text) for __use_two_region_memory
    startup_stm32f10x_md.o(RESET) refers (Special) to heapauxi.o(.text) for __use_two_region_memory
    startup_stm32f10x_md.o(RESET) refers to startup_stm32f10x_md.o(STACK) for __initial_sp
    startup_stm32f10x_md.o(RESET) refers to startup_stm32f10x_md.o(.text) for Reset_Handler
    startup_stm32f10x_md.o(RESET) refers to delay.o(.text) for SysTick_Handler
    startup_stm32f10x_md.o(RESET) refers to main.o(.text) for TIM2_IRQHandler
    startup_stm32f10x_md.o(.text) refers (Special) to heapauxi.o(.text) for __use_two_region_memory
    startup_stm32f10x_md.o(.text) refers to system_stm32f10x.o(.text) for SystemInit
    startup_stm32f10x_md.o(.text) refers to __main.o(!!!main) for __main
    startup_stm32f10x_md.o(.text) refers to startup_stm32f10x_md.o(HEAP) for Heap_Mem
    startup_stm32f10x_md.o(.text) refers to startup_stm32f10x_md.o(STACK) for Stack_Mem
    system_stm32f10x.o(.text) refers to system_stm32f10x.o(.data) for SystemCoreClock
    stm32f10x_usart.o(.text) refers to stm32f10x_rcc.o(.text) for RCC_APB2PeriphResetCmd
    __2printf.o(.text) refers to _printf_char_file.o(.text) for _printf_char_file
    __2printf.o(.text) refers to stdio_streams.o(.bss) for __stdout
    noretval__2printf.o(.text) refers to _printf_char_file.o(.text) for _printf_char_file
    noretval__2printf.o(.text) refers to stdio_streams.o(.bss) for __stdout
    __printf.o(.text) refers to _printf_percent.o(.ARM.Collect$$_printf_percent$$00000000) for _printf_percent
    _printf_str.o(.text) refers (Special) to _printf_char.o(.text) for _printf_cs_common
    _printf_dec.o(.text) refers to _printf_intcommon.o(.text) for _printf_int_common
    __printf_flags.o(.text) refers to _printf_percent.o(.ARM.Collect$$_printf_percent$$00000000) for _printf_percent
    __printf_flags.o(.text) refers to __printf_flags.o(.constdata) for .constdata
    __printf_ss.o(.text) refers to _printf_percent.o(.ARM.Collect$$_printf_percent$$00000000) for _printf_percent
    __printf_flags_ss.o(.text) refers to _printf_percent.o(.ARM.Collect$$_printf_percent$$00000000) for _printf_percent
    __printf_flags_ss.o(.text) refers to __printf_flags_ss.o(.constdata) for .constdata
    __printf_wp.o(.text) refers to __printf_wp.o(i._is_digit) for _is_digit
    __printf_wp.o(.text) refers to _printf_percent.o(.ARM.Collect$$_printf_percent$$00000000) for _printf_percent
    __printf_flags_wp.o(.text) refers to __printf_wp.o(i._is_digit) for _is_digit
    __printf_flags_wp.o(.text) refers to _printf_percent.o(.ARM.Collect$$_printf_percent$$00000000) for _printf_percent
    __printf_flags_wp.o(.text) refers to __printf_flags_wp.o(.constdata) for .constdata
[...]
    ../clib/angel/sys.s                      0x00000000   Number         0  mutex_dummy.o ABSOLUTE
    ../clib/angel/sys.s                      0x00000000   Number         0  indicate_semi.o ABSOLUTE
    ../clib/angel/sys.s                      0x00000000   Number         0  use_no_semi.o ABSOLUTE
    ../clib/angel/sys.s                      0x00000000   Number         0  libspace.o ABSOLUTE
    ../clib/angel/sys.s                      0x00000000   Number         0  sys_stackheap_outer.o ABSOLUTE
    ../clib/angel/sysapp.c                   0x00000000   Number         0  sys_wrch.o ABSOLUTE
    ../clib/angel/sysapp.c                   0x00000000   Number         0  sys_command.o ABSOLUTE
    ../clib/angel/sysapp.c                   0x00000000   Number         0  sys_exit.o ABSOLUTE
    ../clib/angel/sysapp.c                   0x00000000   Number         0  sys_io.o ABSOLUTE
    ../clib/armsys.c                         0x00000000   Number         0  argv_veneer.o ABSOLUTE
    ../clib/armsys.c                         0x00000000   Number         0  no_argv.o ABSOLUTE
    ../clib/armsys.c                         0x00000000   Number         0  argv_veneer.o ABSOLUTE
    ../clib/armsys.c                         0x00000000   Number         0  _get_argv_nomalloc.o ABSOLUTE
    ../clib/armsys.c                         0x00000000   Number         0  _get_argv.o ABSOLUTE
    ../clib/heap1.c                          0x00000000   Number         0  h1_free_mt.o ABSOLUTE
    ../clib/heap1.c                          0x00000000   Number         0  h1_free.o ABSOLUTE
    ../clib/heap1.c                          0x00000000   Number         0  h1_extend_mt.o ABSOLUTE
    ../clib/heap1.c                          0x00000000   Number         0  h1_alloc_mt.o ABSOLUTE
    ../clib/heap1.c                          0x00000000   Number         0  h1_alloc.o ABSOLUTE
    ../clib/heap1.c                          0x00000000   Number         0  h1_init.o ABSOLUTE
    ../clib/heap1.c                          0x00000000   Number         0  h1_extend.o ABSOLUTE
    ../clib/heap1.c                          0x00000000   Number         0  h1_init_mt.o ABSOLUTE
    ../clib/heap1.c                          0x00000000   Number         0  h1_final.o ABSOLUTE
    ../clib/heap1.c                          0x00000000   Number         0  h1_final_mt.o ABSOLUTE
    ../clib/heap2.c                          0x00000000   Number         0  fdtree.o ABSOLUTE
    ../clib/heap2.c                          0x00000000   Number         0  heap2mt.o ABSOLUTE
    ../clib/heap2.c                          0x00000000   Number         0  heap2.o ABSOLUTE
    ../clib/heapalloc.c                      0x00000000   Number         0  maybetermalloc1.o ABSOLUTE
    ../clib/heapalloc.c                      0x00000000   Number         0  free.o ABSOLUTE
    ../clib/heapalloc.c                      0x00000000   Number         0  maybetermalloc2.o ABSOLUTE
    ../clib/heapalloc.c                      0x00000000   Number         0  heapstubs.o ABSOLUTE
    ../clib/heapalloc.c                      0x00000000   Number         0  malloc.o ABSOLUTE
    ../clib/heapalloc.c                      0x00000000   Number         0  init_alloc.o ABSOLUTE
    ../clib/heapalloc.c                      0x00000000   Number         0  hguard.o ABSOLUTE
    ../clib/heapalloc.c                      0x00000000   Number         0  term_alloc.o ABSOLUTE
    ../clib/heapalloc.c                      0x00000000   Number         0  hrguard.o ABSOLUTE
    ../clib/heapalloc.c                      0x00000000   Number         0  maybetermalloc2.o ABSOLUTE
    ../clib/heapalloc.c                      0x00000000   Number         0  maybetermalloc1.o ABSOLUTE
    ../clib/heapaux.c                        0x00000000   Number         0  heapauxa.o ABSOLUTE
    ../clib/heapaux.c                        0x00000000   Number         0  heapauxi.o ABSOLUTE
    ../clib/libinit.s                        0x00000000   Number         0  libinit.o ABSOLUTE
    ../clib/libinit.s                        0x00000000   Number         0  libshutdown2.o ABSOLUTE
    ../clib/libinit.s                        0x00000000   Number         0  libinit2.o ABSOLUTE
    ../clib/libinit.s                        0x00000000   Number         0  libshutdown.o ABSOLUTE
    ../clib/memcpset.s                       0x00000000   Number         0  rt_memclr_w.o ABSOLUTE
    ../clib/memcpset.s                       0x00000000   Number         0  rt_memcpy_w.o ABSOLUTE
    ../clib/printf.c                         0x00000000   Number         0  _printf_dec.o ABSOLUTE
    ../clib/printf.c                         0x00000000   Number         0  _printf_char.o ABSOLUTE
    ../clib/printf.c                         0x00000000   Number         0  __printf_flags.o ABSOLUTE
    ../clib/printf.c                         0x00000000   Number         0  __printf_ss.o ABSOLUTE
    ../clib/printf.c                         0x00000000   Number         0  __printf_flags_ss.o ABSOLUTE
    ../clib/printf.c                         0x00000000   Number         0  __printf_flags_wp.o ABSOLUTE
    ../clib/printf.c                         0x00000000   Number         0  __printf_ss_wp.o ABSOLUTE
    ../clib/printf.c                         0x00000000   Number         0  __printf_flags_ss_wp.o ABSOLUTE
    ../clib/printf.c                         0x00000000   Number         0  noretval__2printf.o ABSOLUTE
    ../clib/printf.c                         0x00000000   Number         0  __2printf.o ABSOLUTE
    ../clib/printf.c                         0x00000000   Number         0  __printf.o ABSOLUTE
    ../clib/printf.c                         0x00000000   Number         0  _printf_char_file.o ABSOLUTE
    ../clib/printf.c                         0x00000000   Number         0  _printf_str.o ABSOLUTE
    ../clib/printf.c                         0x00000000   Number         0  _printf_char_common.o ABSOLUTE
    ../clib/printf.c                         0x00000000   Number         0  __printf_nopercent.o ABSOLUTE
    ../clib/printf.c                         0x00000000   Number         0  _printf_intcommon.o ABSOLUTE
    ../clib/printf.c                         0x00000000   Number         0  __printf_wp.o ABSOLUTE
    ../clib/printf_percent.s                 0x00000000   Number         0  _printf_c.o ABSOLUTE
    ../clib/printf_percent.s                 0x00000000   Number         0  _printf_d.o ABSOLUTE
    ../clib/printf_percent.s                 0x00000000   Number         0  _printf_percent.o ABSOLUTE
    ../clib/printf_percent.s                 0x00000000   Number         0  _printf_percent_end.o ABSOLUTE
    ../clib/signal.c                         0x00000000   Number         0  defsig_exit.o ABSOLUTE
    ../clib/signal.c                         0x00000000   Number         0  defsig_rtred_inner.o ABSOLUTE
    ../clib/signal.c                         0x00000000   Number         0  defsig_rtred_formal.o ABSOLUTE
    ../clib/signal.c                         0x00000000   Number         0  defsig_rtred_outer.o ABSOLUTE
    ../clib/signal.c                         0x00000000   Number         0  defsig_rtmem_formal.o ABSOLUTE
    ../clib/signal.c                         0x00000000   Number         0  __raise.o ABSOLUTE
    ../clib/signal.c                         0x00000000   Number         0  defsig_abrt_inner.o ABSOLUTE
    ../clib/signal.c                         0x00000000   Number         0  defsig_fpe_inner.o ABSOLUTE
    ../clib/signal.c                         0x00000000   Number         0  defsig_stak_inner.o ABSOLUTE
    ../clib/signal.c                         0x00000000   Number         0  defsig_pvfn_inner.o ABSOLUTE
    ../clib/signal.c                         0x00000000   Number         0  defsig_general.o ABSOLUTE
    ../clib/signal.c                         0x00000000   Number         0  defsig_segv_inner.o ABSOLUTE
    ../clib/signal.c                         0x00000000   Number         0  defsig_other.o ABSOLUTE
    ../clib/signal.c                         0x00000000   Number         0  defsig_rtmem_outer.o ABSOLUTE
    ../clib/signal.c                         0x00000000   Number         0  defsig_rtmem_inner.o ABSOLUTE
    ../clib/signal.c                         0x00000000   Number         0  defsig_cppl_inner.o ABSOLUTE
    ../clib/signal.s                         0x00000000   Number         0  defsig.o ABSOLUTE
    ../clib/stdio.c                          0x00000000   Number         0  ferror_locked.o ABSOLUTE
    ../clib/stdio.c                          0x00000000   Number         0  initio_locked.o ABSOLUTE
    ../clib/stdio.c                          0x00000000   Number         0  setvbuf.o ABSOLUTE
    ../clib/stdio.c                          0x00000000   Number         0  streamlock.o ABSOLUTE
    ../clib/stdio.c                          0x00000000   Number         0  fopen.o ABSOLUTE
    ../clib/stdio.c                          0x00000000   Number         0  fclose.o ABSOLUTE
    ../clib/stdio.c                          0x00000000   Number         0  setvbuf_locked.o ABSOLUTE
    ../clib/stdio.c                          0x00000000   Number         0  ftell.o ABSOLUTE
    ../clib/stdio.c                          0x00000000   Number         0  stdio.o ABSOLUTE
    ../clib/stdio.c                          0x00000000   Number         0  fseek.o ABSOLUTE
    ../clib/stdio.c                          0x00000000   Number         0  fopen_locked.o ABSOLUTE
    ../clib/stdio.c                          0x00000000   Number         0  stdio_streams.o ABSOLUTE
    ../clib/stdio.c                          0x00000000   Number         0  ferror.o ABSOLUTE
    ../clib/stdio.c                          0x00000000   Number         0  initio.o ABSOLUTE
    ../clib/stdlib.c                         0x00000000   Number         0  exit.o ABSOLUTE
    ../clib/string.c                         0x00000000   Number         0  strcpy.o ABSOLUTE
    ../clib/string.c                         0x00000000   Number         0  strlen.o ABSOLUTE
    ../fplib/fpinit.s                        0x00000000   Number         0  fpinit.o ABSOLUTE
    D:\Apps\ARM\PACK\Keil\STM32F1xx_DFP\2.4.0\Device\StdPeriph_Driver\src\misc.c 0x00000000   Number         0  misc.o ABSOLUTE
    D:\Apps\ARM\PACK\Keil\STM32F1xx_DFP\2.4.0\Device\StdPeriph_Driver\src\stm32f10x_gpio.c 0x00000000   Number         0  stm32f10x_gpio.o ABSOLUTE
    D:\Apps\ARM\PACK\Keil\STM32F1xx_DFP\2.4.0\Device\StdPeriph_Driver\src\stm32f10x_rcc.c 0x00000000   Number         0  stm32f10x_rcc.o ABSOLUTE
    D:\Apps\ARM\PACK\Keil\STM32F1xx_DFP\2.4.0\Device\StdPeriph_Driver\src\stm32f10x_tim.c 0x00000000   Number         0  stm32f10x_tim.o ABSOLUTE
    D:\Apps\ARM\PACK\Keil\STM32F1xx_DFP\2.4.0\Device\StdPeriph_Driver\src\stm32f10x_usart.c 0x00000000   Number         0  stm32f10x_usart.o ABSOLUTE
    D:\\Apps\\ARM\\PACK\\Keil\\STM32F1xx_DFP\\2.4.0\\Device\\StdPeriph_Driver\\src\\misc.c 0x00000000   Number         0  misc.o ABSOLUTE
    D:\\Apps\\ARM\\PACK\\Keil\\STM32F1xx_DFP\\2.4.0\\Device\\StdPeriph_Driver\\src\\stm32f10x_gpio.c 0x00000000   Number         0  stm32f10x_gpio.o ABSOLUTE
    D:\\Apps\\ARM\\PACK\\Keil\\STM32F1xx_DFP\\2.4.0\\Device\\StdPeriph_Driver\\src\\stm32f10x_rcc.c 0x00000000   Number         0  stm32f10x_rcc.o ABSOLUTE
    D:\\Apps\\ARM\\PACK\\Keil\\STM32F1xx_DFP\\2.4.0\\Device\\StdPeriph_Driver\\src\\stm32f10x_tim.c 0x00000000   Number         0  stm32f10x_tim.o ABSOLUTE
    D:\\Apps\\ARM\\PACK\\Keil\\STM32F1xx_DFP\\2.4.0\\Device\\StdPeriph_Driver\\src\\stm32f10x_usart.c 0x00000000   Number         0  stm32f10x_usart.o ABSOLUTE
    RTE\Device\STM32F103C8\startup_stm32f10x_md.s 0x00000000   Number         0  startup_stm32f10x_md.o ABSOLUTE
    RTE\Device\STM32F103C8\system_stm32f10x.c 0x00000000   Number         0  system_stm32f10x.o ABSOLUTE
    RTE\\Device\\STM32F103C8\\system_stm32f10x.c 0x00000000   Number         0  system_stm32f10x.o ABSOLUTE
    dc.s                                     0x00000000   Number         0  dc.o ABSOLUTE
    delay.c                                  0x00000000   Number         0  delay.o ABSOLUTE
    delay.c                                  0x00000000   Number         0  delay.o ABSOLUTE
    main.c                                   0x00000000   Number         0  main.o ABSOLUTE
    main.c                                   0x00000000   Number         0  main.o ABSOLUTE
    xprintf.c                                0x00000000   Number         0  xprintf.o ABSOLUTE
    RESET                                    0x08000000   Section      236  startup_stm32f10x_md.o(RESET)
    !!!main                                  0x080000ec   Section        8  __main.o(!!!main)
    !!!scatter                               0x080000f4   Section       52  __scatter.o(!!!scatter)
    !!handler_copy                           0x08000128   Section       26  __scatter_copy.o(!!handler_copy)
    !!handler_zi                             0x08000144   Section       28  __scatter_zi.o(!!handler_zi)
    .ARM.Collect$$_printf_percent$$00000000  0x08000160   Section        0  _printf_percent.o(.ARM.Collect$$_printf_percent$$00000000)
    .ARM.Collect$$_printf_percent$$00000009  0x08000160   Section        6  _printf_d.o(.ARM.Collect$$_printf_percent$$00000009)
    .ARM.Collect$$_printf_percent$$00000013  0x08000166   Section        6  _printf_c.o(.ARM.Collect$$_printf_percent$$00000013)
    .ARM.Collect$$_printf_percent$$00000017  0x0800016c   Section        4  _printf_percent_end.o(.ARM.Collect$$_printf_percent$$00000017)
    .ARM.Collect$$libinit$$00000000          0x08000170   Section        2  libinit.o(.ARM.Collect$$libinit$$00000000)
    .ARM.Collect$$libinit$$00000002          0x08000172   Section        0  libinit2.o(.ARM.Collect$$libinit$$00000002)
    .ARM.Collect$$libinit$$00000004          0x08000172   Section        0  libinit2.o(.ARM.Collect$$libinit$$00000004)
    .ARM.Collect$$libinit$$00000005          0x08000172   Section        8  libinit2.o(.ARM.Collect$$libinit$$00000005)
    .ARM.Collect$$libinit$$0000000A          0x0800017a   Section        0  libinit2.o(.ARM.Collect$$libinit$$0000000A)
    .ARM.Collect$$libinit$$0000000C          0x0800017a   Section        0  libinit2.o(.ARM.Collect$$libinit$$0000000C)
    .ARM.Collect$$libinit$$0000000E          0x0800017a   Section        0  libinit2.o(.ARM.Collect$$libinit$$0000000E)
    .ARM.Collect$$libinit$$00000011          0x0800017a   Section        0  libinit2.o(.ARM.Collect$$libinit$$00000011)
    .ARM.Collect$$libinit$$00000013          0x0800017a   Section        0  libinit2.o(.ARM.Collect$$libinit$$00000013)
    .ARM.Collect$$libinit$$00000015          0x0800017a   Section        0  libinit2.o(.ARM.Collect$$libinit$$00000015)
    .ARM.Collect$$libinit$$00000017          0x0800017a   Section        0  libinit2.o(.ARM.Collect$$libinit$$00000017)
    .ARM.Collect$$libinit$$00000019          0x0800017a   Section        0  libinit2.o(.ARM.Collect$$libinit$$00000019)
    .ARM.Collect$$libinit$$0000001B          0x0800017a   Section        0  libinit2.o(.ARM.Collect$$libinit$$0000001B)
    .ARM.Collect$$libinit$$0000001D          0x0800017a   Section        0  libinit2.o(.ARM.Collect$$libinit$$0000001D)
    .ARM.Collect$$libinit$$0000001F          0x0800017a   Section        0  libinit2.o(.ARM.Collect$$libinit$$0000001F)
    .ARM.Collect$$libinit$$00000021          0x0800017a   Section        0  libinit2.o(.ARM.Collect$$libinit$$00000021)
    .ARM.Collect$$libinit$$00000023          0x0800017a   Section        0  libinit2.o(.ARM.Collect$$libinit$$00000023)
    .ARM.Collect$$libinit$$00000024          0x0800017a   Section        4  libinit2.o(.ARM.Collect$$libinit$$00000024)
    .ARM.Collect$$libinit$$00000025          0x0800017e   Section        0  libinit2.o(.ARM.Collect$$libinit$$00000025)
    .ARM.Collect$$libinit$$0000002C          0x0800017e   Section        0  libinit2.o(.ARM.Collect$$libinit$$0000002C)
    .ARM.Collect$$libinit$$0000002E          0x0800017e   Section        0  libinit2.o(.ARM.Collect$$libinit$$0000002E)
    .ARM.Collect$$libinit$$00000030          0x0800017e   Section        0  libinit2.o(.ARM.Collect$$libinit$$00000030)
    .ARM.Collect$$libinit$$00000032          0x0800017e   Section        0  libinit2.o(.ARM.Collect$$libinit$$00000032)
    .ARM.Collect$$libinit$$00000033          0x0800017e   Section        2  libinit2.o(.ARM.Collect$$libinit$$00000033)
    .ARM.Collect$$libshutdown$$00000000      0x08000180   Section        2  libshutdown.o(.ARM.Collect$$libshutdown$$00000000)
    .ARM.Collect$$libshutdown$$00000002      0x08000182   Section        0  libshutdown2.o(.ARM.Collect$$libshutdown$$00000002)
    .ARM.Collect$$libshutdown$$00000004      0x08000182   Section        0  libshutdown2.o(.ARM.Collect$$libshutdown$$00000004)
    .ARM.Collect$$libshutdown$$00000005      0x08000182   Section        4  libshutdown2.o(.ARM.Collect$$libshutdown$$00000005)
    .ARM.Collect$$libshutdown$$00000006      0x08000186   Section        0  libshutdown2.o(.ARM.Collect$$libshutdown$$00000006)
    .ARM.Collect$$libshutdown$$00000009      0x08000186   Section        0  libshutdown2.o(.ARM.Collect$$libshutdown$$00000009)
    .ARM.Collect$$libshutdown$$0000000C      0x08000186   Section        0  libshutdown2.o(.ARM.Collect$$libshutdown$$0000000C)
    .ARM.Collect$$libshutdown$$0000000E      0x08000186   Section        0  libshutdown2.o(.ARM.Collect$$libshutdown$$0000000E)
    .ARM.Collect$$libshutdown$$00000011      0x08000186   Section        0  libshutdown2.o(.ARM.Collect$$libshutdown$$00000011)
    .ARM.Collect$$libshutdown$$00000012      0x08000186   Section        2  libshutdown2.o(.ARM.Collect$$libshutdown$$00000012)
    .ARM.Collect$$rtentry$$00000000          0x08000188   Section        0  __rtentry.o(.ARM.Collect$$rtentry$$00000000)
    .ARM.Collect$$rtentry$$00000002          0x08000188   Section        0  __rtentry2.o(.ARM.Collect$$rtentry$$00000002)
    .ARM.Collect$$rtentry$$00000004          0x08000188   Section        6  __rtentry4.o(.ARM.Collect$$rtentry$$00000004)
    .ARM.Collect$$rtentry$$00000009          0x0800018e   Section        0  __rtentry2.o(.ARM.Collect$$rtentry$$00000009)
    .ARM.Collect$$rtentry$$0000000A          0x0800018e   Section        4  __rtentry2.o(.ARM.Collect$$rtentry$$0000000A)
    .ARM.Collect$$rtentry$$0000000C          0x08000192   Section        0  __rtentry2.o(.ARM.Collect$$rtentry$$0000000C)
    .ARM.Collect$$rtentry$$0000000D          0x08000192   Section        8  __rtentry2.o(.ARM.Collect$$rtentry$$0000000D)
    .ARM.Collect$$rtexit$$00000000           0x0800019a   Section        2  rtexit.o(.ARM.Collect$$rtexit$$00000000)
    .ARM.Collect$$rtexit$$00000002           0x0800019c   Section        0  rtexit2.o(.ARM.Collect$$rtexit$$00000002)
    .ARM.Collect$$rtexit$$00000003           0x0800019c   Section        4  rtexit2.o(.ARM.Collect$$rtexit$$00000003)
    .ARM.Collect$$rtexit$$00000004           0x080001a0   Section        6  rtexit2.o(.ARM.Collect$$rtexit$$00000004)
    .emb_text                                0x080001a8   Section        0  maybetermalloc1.o(.emb_text)
    .text                                    0x080001a8   Section        0  main.o(.text)
    .text                                    0x080006ac   Section        0  delay.o(.text)
    .text                                    0x08000750   Section        0  xprintf.o(.text)
    .text                                    0x0800090c   Section        0  misc.o(.text)
    .text                                    0x080009e8   Section        0  stm32f10x_gpio.o(.text)
    .text                                    0x08000d44   Section        0  stm32f10x_rcc.o(.text)
    .text                                    0x080010e8   Section        0  stm32f10x_tim.o(.text)
    TI4_Config                               0x0800158f   Thumb Code   130  stm32f10x_tim.o(.text)
    TI3_Config                               0x08001623   Thumb Code   122  stm32f10x_tim.o(.text)
    TI2_Config                               0x080016b7   Thumb Code   130  stm32f10x_tim.o(.text)
    TI1_Config                               0x0800174b   Thumb Code   108  stm32f10x_tim.o(.text)
    .text                                    0x08001f04   Section       64  startup_stm32f10x_md.o(.text)
    .text                                    0x08001f44   Section        0  system_stm32f10x.o(.text)
    SetSysClockTo72                          0x08001f45   Thumb Code   214  system_stm32f10x.o(.text)
    SetSysClock                              0x0800201b   Thumb Code     8  system_stm32f10x.o(.text)
    .text                                    0x08002124   Section        0  stm32f10x_usart.o(.text)
    .text                                    0x0800252c   Section        0  noretval__2printf.o(.text)
    .text                                    0x08002544   Section        0  __printf.o(.text)
    .text                                    0x080025ac   Section        0  _printf_str.o(.text)
    .text                                    0x08002600   Section        0  _printf_dec.o(.text)
    .text                                    0x08002678   Section        0  strcpy.o(.text)
    .text                                    0x080026c0   Section        0  strlen.o(.text)
    .text                                    0x080026fe   Section        0  heapauxi.o(.text)
    .text                                    0x08002704   Section        0  _printf_intcommon.o(.text)
    .text                                    0x080027b6   Section        0  _printf_char.o(.text)
    .text                                    0x080027e4   Section        0  _printf_char_file.o(.text)
    .text                                    0x08002808   Section        0  _printf_char_common.o(.text)
    _printf_input_char                       0x08002809   Thumb Code    10  _printf_char_common.o(.text)
    .text                                    0x08002838   Section        0  ferror.o(.text)
    .text                                    0x08002840   Section        0  initio.o(.text)
    .text                                    0x08002978   Section        0  sys_io.o(.text)
    .text                                    0x080029de   Section       74  sys_stackheap_outer.o(.text)
    .text                                    0x08002a28   Section        0  h1_free.o(.text)
    .text                                    0x08002a76   Section        0  setvbuf.o(.text)
    .text                                    0x08002abc   Section        0  fopen.o(.text)
    _freopen_locked                          0x08002abd   Thumb Code     0  fopen.o(.text)
    .text                                    0x08002ba8   Section        0  fclose.o(.text)
    .text                                    0x08002bf4   Section        0  exit.o(.text)
    .text                                    0x08002c06   Section        0  defsig_rtred_outer.o(.text)
    .text                                    0x08002c14   Section       78  rt_memclr_w.o(.text)
    .text                                    0x08002c64   Section        8  libspace.o(.text)
    .text                                    0x08002c6c   Section        2  use_no_semi.o(.text)
    .text                                    0x08002c6e   Section        0  indicate_semi.o(.text)
    .text                                    0x08002c70   Section        8  rt_heap_descriptor_intlibspace.o(.text)
    .text                                    0x08002c78   Section        0  hguard.o(.text)
    .text                                    0x08002c7c   Section        0  init_alloc.o(.text)
    .text                                    0x08002d06   Section        0  h1_alloc.o(.text)
    .text                                    0x08002d64   Section        0  fseek.o(.text)
    .text                                    0x08002e5c   Section        0  stdio.o(.text)
    .text                                    0x08002f4c   Section        0  defsig_exit.o(.text)
    .text                                    0x08002f58   Section        0  defsig_rtred_inner.o(.text)
    .text                                    0x08002f8c   Section        0  sys_exit.o(.text)
    .text                                    0x08002f98   Section        0  h1_init.o(.text)
    .text                                    0x08002fa6   Section        0  h1_extend.o(.text)
    .text                                    0x08002fda   Section        0  ftell.o(.text)
    .text                                    0x0800301c   Section        0  defsig_general.o(.text)
    .text                                    0x0800304e   Section        0  defsig_rtmem_outer.o(.text)
    .text                                    0x0800305c   Section        0  sys_wrch.o(.text)
    .text                                    0x0800306c   Section        8  rt_errno_addr_intlibspace.o(.text)
    .text                                    0x08003074   Section        0  defsig_rtmem_inner.o(.text)
    .constdata                               0x080030c4   Section       40  xprintf.o(.constdata)
    .constdata                               0x080030ec   Section        4  sys_io.o(.constdata)
    .constdata                               0x080030f0   Section        4  sys_io.o(.constdata)
    .constdata                               0x080030f4   Section        4  sys_io.o(.constdata)
    .conststring                             0x080030f8   Section      179  xprintf.o(.conststring)
    .data                                    0x20000000   Section       12  main.o(.data)
    .data                                    0x2000000c   Section        4  delay.o(.data)
    usTicks                                  0x2000000c   Data           4  delay.o(.data)
    .data                                    0x20000010   Section       28  xprintf.o(.data)
    .data                                    0x2000002c   Section       20  stm32f10x_rcc.o(.data)
    APBAHBPrescTable                         0x2000002c   Data          16  stm32f10x_rcc.o(.data)
    ADCPrescTable                            0x2000003c   Data           4  stm32f10x_rcc.o(.data)
    .data                                    0x20000040   Section       20  system_stm32f10x.o(.data)
    .data                                    0x20000054   Section        4  stdio_streams.o(.data)
    .data                                    0x20000058   Section        4  stdio_streams.o(.data)
    .data                                    0x2000005c   Section        4  stdio_streams.o(.data)
    .bss                                     0x20000060   Section       84  stdio_streams.o(.bss)
    .bss                                     0x200000b4   Section       84  stdio_streams.o(.bss)
    .bss                                     0x20000108   Section       84  stdio_streams.o(.bss)
    .bss                                     0x2000015c   Section       96  libspace.o(.bss)
    HEAP                                     0x200001c0   Section      512  startup_stm32f10x_md.o(HEAP)
    Heap_Mem                                 0x200001c0   Data         512  startup_stm32f10x_md.o(HEAP)
    STACK                                    0x200003c0   Section     1024  startup_stm32f10x_md.o(STACK)
    Stack_Mem                                0x200003c0   Data        1024  startup_stm32f10x_md.o(STACK)
    __initial_sp                             0x200007c0   Data           0  startup_stm32f10x_md.o(STACK)

    Global Symbols

    Symbol Name                              Value     Ov Type        Size  Object(Section)

    BuildAttributes$$THM_ISAv4$P$D$K$B$S$PE$A:L22UL41UL21$X:L11$S22US41US21$IEEE1$IW$USESV6$~STKCKD$USESV7$~SHL$OTIME$ROPI$EBA8$UX$STANDARDLIB$REQ8$PRES8$EABIv2 0x00000000   Number         0  anon$$obj.o ABSOLUTE
    __ARM_use_no_argv                        0x00000000   Number         0  main.o ABSOLUTE
    __ARM_exceptions_init                     - Undefined Weak Reference
    __alloca_initialize                       - Undefined Weak Reference
    __arm_fini_                               - Undefined Weak Reference
    __arm_preinit_                            - Undefined Weak Reference
    __cpp_initialize__aeabi_                  - Undefined Weak Reference
    __cxa_finalize                            - Undefined Weak Reference
    __rt_locale                               - Undefined Weak Reference
    __sigvec_lookup                           - Undefined Weak Reference
    __user_heap_extent                        - Undefined Weak Reference
    _atexit_init                              - Undefined Weak Reference
    _call_atexit_fns                          - Undefined Weak Reference
    _clock_init                               - Undefined Weak Reference
    _fp_trap_init                             - Undefined Weak Reference
    _fp_trap_shutdown                         - Undefined Weak Reference
    _get_lc_collate                           - Undefined Weak Reference
    _get_lc_ctype                             - Undefined Weak Reference
    _get_lc_monetary                          - Undefined Weak Reference
    _get_lc_numeric                           - Undefined Weak Reference
    _get_lc_time                              - Undefined Weak Reference
    _getenv_init                              - Undefined Weak Reference
    _handle_redirection                       - Undefined Weak Reference
    _mutex_acquire                            - Undefined Weak Reference
    _mutex_free                               - Undefined Weak Reference
    _mutex_release                            - Undefined Weak Reference
    _printf_mbtowc                            - Undefined Weak Reference
    _printf_post_padding                      - Undefined Weak Reference
    _printf_pre_padding                       - Undefined Weak Reference
    _printf_truncate_signed                   - Undefined Weak Reference
    _printf_truncate_unsigned                 - Undefined Weak Reference
    _rand_init                                - Undefined Weak Reference
    _signal_finish                            - Undefined Weak Reference
    _signal_init                              - Undefined Weak Reference
    __Vectors_Size                           0x000000ec   Number         0  startup_stm32f10x_md.o ABSOLUTE
    __Vectors                                0x08000000   Data           4  startup_stm32f10x_md.o(RESET)
    __Vectors_End                            0x080000ec   Data           0  startup_stm32f10x_md.o(RESET)
    __main                                   0x080000ed   Thumb Code     8  __main.o(!!!main)
    __scatterload                            0x080000f5   Thumb Code     0  __scatter.o(!!!scatter)
    __scatterload_rt2                        0x080000f5   Thumb Code    44  __scatter.o(!!!scatter)
    __scatterload_rt2_thumb_only             0x080000f5   Thumb Code     0  __scatter.o(!!!scatter)
    __scatterload_null                       0x08000103   Thumb Code     0  __scatter.o(!!!scatter)
    __scatterload_copy                       0x08000129   Thumb Code    26  __scatter_copy.o(!!handler_copy)
    __scatterload_zeroinit                   0x08000145   Thumb Code    28  __scatter_zi.o(!!handler_zi)
    _printf_d                                0x08000161   Thumb Code     0  _printf_d.o(.ARM.Collect$$_printf_percent$$00000009)
    _printf_percent                          0x08000161   Thumb Code     0  _printf_percent.o(.ARM.Collect$$_printf_percent$$00000000)
    _printf_c                                0x08000167   Thumb Code     0  _printf_c.o(.ARM.Collect$$_printf_percent$$00000013)
    _printf_percent_end                      0x0800016d   Thumb Code     0  _printf_percent_end.o(.ARM.Collect$$_printf_percent$$00000017)
    __rt_lib_init                            0x08000171   Thumb Code     0  libinit.o(.ARM.Collect$$libinit$$00000000)
    __rt_lib_init_fp_1                       0x08000173   Thumb Code     0  libinit2.o(.ARM.Collect$$libinit$$00000002)
    __rt_lib_init_heap_2                     0x08000173   Thumb Code     0  libinit2.o(.ARM.Collect$$libinit$$00000005)
    __rt_lib_init_preinit_1                  0x08000173   Thumb Code     0  libinit2.o(.ARM.Collect$$libinit$$00000004)
    __rt_lib_init_atexit_1                   0x0800017b   Thumb Code     0  libinit2.o(.ARM.Collect$$libinit$$0000001B)
    __rt_lib_init_clock_1                    0x0800017b   Thumb Code     0  libinit2.o(.ARM.Collect$$libinit$$00000021)
    __rt_lib_init_fp_trap_1                  0x0800017b   Thumb Code     0  libinit2.o(.ARM.Collect$$libinit$$0000001F)
    __rt_lib_init_getenv_1                   0x0800017b   Thumb Code     0  libinit2.o(.ARM.Collect$$libinit$$00000023)
    __rt_lib_init_heap_1                     0x0800017b   Thumb Code     0  libinit2.o(.ARM.Collect$$libinit$$0000000A)
    __rt_lib_init_lc_collate_1               0x0800017b   Thumb Code     0  libinit2.o(.ARM.Collect$$libinit$$00000011)
    __rt_lib_init_lc_ctype_1                 0x0800017b   Thumb Code     0  libinit2.o(.ARM.Collect$$libinit$$00000013)
    __rt_lib_init_lc_monetary_1              0x0800017b   Thumb Code     0  libinit2.o(.ARM.Collect$$libinit$$00000015)
    __rt_lib_init_lc_numeric_1               0x0800017b   Thumb Code     0  libinit2.o(.ARM.Collect$$libinit$$00000017)
    __rt_lib_init_lc_time_1                  0x0800017b   Thumb Code     0  libinit2.o(.ARM.Collect$$libinit$$00000019)
    __rt_lib_init_rand_1                     0x0800017b   Thumb Code     0  libinit2.o(.ARM.Collect$$libinit$$0000000E)
    __rt_lib_init_signal_1                   0x0800017b   Thumb Code     0  libinit2.o(.ARM.Collect$$libinit$$0000001D)
    __rt_lib_init_stdio_2                    0x0800017b   Thumb Code     0  libinit2.o(.ARM.Collect$$libinit$$00000024)
    __rt_lib_init_user_alloc_1               0x0800017b   Thumb Code     0  libinit2.o(.ARM.Collect$$libinit$$0000000C)
    __rt_lib_init_alloca_1                   0x0800017f   Thumb Code     0  libinit2.o(.ARM.Collect$$libinit$$0000002E)
    __rt_lib_init_argv_1                     0x0800017f   Thumb Code     0  libinit2.o(.ARM.Collect$$libinit$$0000002C)
    __rt_lib_init_cpp_1                      0x0800017f   Thumb Code     0  libinit2.o(.ARM.Collect$$libinit$$00000032)
    __rt_lib_init_exceptions_1               0x0800017f   Thumb Code     0  libinit2.o(.ARM.Collect$$libinit$$00000030)
    __rt_lib_init_return                     0x0800017f   Thumb Code     0  libinit2.o(.ARM.Collect$$libinit$$00000033)
    __rt_lib_init_stdio_1                    0x0800017f   Thumb Code     0  libinit2.o(.ARM.Collect$$libinit$$00000025)
    __rt_lib_shutdown                        0x08000181   Thumb Code     0  libshutdown.o(.ARM.Collect$$libshutdown$$00000000)
    __rt_lib_shutdown_cpp_1                  0x08000183   Thumb Code     0  libshutdown2.o(.ARM.Collect$$libshutdown$$00000004)
    __rt_lib_shutdown_fini_1                 0x08000183   Thumb Code     0  libshutdown2.o(.ARM.Collect$$libshutdown$$00000002)
    __rt_lib_shutdown_stdio_2                0x08000183   Thumb Code     0  libshutdown2.o(.ARM.Collect$$libshutdown$$00000005)
    __rt_lib_shutdown_fp_trap_1              0x08000187   Thumb Code     0  libshutdown2.o(.ARM.Collect$$libshutdown$$00000009)
    __rt_lib_shutdown_heap_1                 0x08000187   Thumb Code     0  libshutdown2.o(.ARM.Collect$$libshutdown$$00000011)
    __rt_lib_shutdown_return                 0x08000187   Thumb Code     0  libshutdown2.o(.ARM.Collect$$libshutdown$$00000012)
    __rt_lib_shutdown_signal_1               0x08000187   Thumb Code     0  libshutdown2.o(.ARM.Collect$$libshutdown$$0000000C)
    __rt_lib_shutdown_stdio_1                0x08000187   Thumb Code     0  libshutdown2.o(.ARM.Collect$$libshutdown$$00000006)
    __rt_lib_shutdown_user_alloc_1           0x08000187   Thumb Code     0  libshutdown2.o(.ARM.Collect$$libshutdown$$0000000E)
    __rt_entry                               0x08000189   Thumb Code     0  __rtentry.o(.ARM.Collect$$rtentry$$00000000)
    __rt_entry_presh_1                       0x08000189   Thumb Code     0  __rtentry2.o(.ARM.Collect$$rtentry$$00000002)
    __rt_entry_sh                            0x08000189   Thumb Code     0  __rtentry4.o(.ARM.Collect$$rtentry$$00000004)
    __rt_entry_li                            0x0800018f   Thumb Code     0  __rtentry2.o(.ARM.Collect$$rtentry$$0000000A)
    __rt_entry_postsh_1                      0x0800018f   Thumb Code     0  __rtentry2.o(.ARM.Collect$$rtentry$$00000009)
    __rt_entry_main                          0x08000193   Thumb Code     0  __rtentry2.o(.ARM.Collect$$rtentry$$0000000D)
    __rt_entry_postli_1                      0x08000193   Thumb Code     0  __rtentry2.o(.ARM.Collect$$rtentry$$0000000C)
    __rt_exit                                0x0800019b   Thumb Code     0  rtexit.o(.ARM.Collect$$rtexit$$00000000)
    __rt_exit_ls                             0x0800019d   Thumb Code     0  rtexit2.o(.ARM.Collect$$rtexit$$00000003)
    __rt_exit_prels_1                        0x0800019d   Thumb Code     0  rtexit2.o(.ARM.Collect$$rtexit$$00000002)
    __rt_exit_exit                           0x080001a1   Thumb Code     0  rtexit2.o(.ARM.Collect$$rtexit$$00000004)
    _maybe_terminate_alloc                   0x080001a9   Thumb Code     0  maybetermalloc1.o(.emb_text)
    fputc                                    0x080001a9   Thumb Code    32  main.o(.text)
    USART1_Init                              0x080001c9   Thumb Code   112  main.o(.text)
    Delay                                    0x08000239   Thumb Code    20  main.o(.text)
    TIM2_IRQHandler                          0x0800024d   Thumb Code    34  main.o(.text)
    Button_Init                              0x0800026f   Thumb Code    58  main.o(.text)
    LED_Init                                 0x080002a9   Thumb Code    76  main.o(.text)
    Button_Read                              0x080002f5   Thumb Code    36  main.o(.text)
    ReadKeyDown                              0x08000319   Thumb Code    22  main.o(.text)
    LED_Write                                0x0800032f   Thumb Code   320  main.o(.text)
    getnum                                   0x0800046f   Thumb Code    74  main.o(.text)
    InitLED                                  0x080004b9   Thumb Code   188  main.o(.text)
    TIM2_INT_Init                            0x08000575   Thumb Code   154  main.o(.text)
    main                                     0x0800060f   Thumb Code   146  main.o(.text)
    SysTick_Handler                          0x080006ad   Thumb Code    18  delay.o(.text)
    DelayInit                                0x080006bf   Thumb Code    84  delay.o(.text)
    DelayUs                                  0x08000713   Thumb Code    16  delay.o(.text)
    DelayMs                                  0x08000723   Thumb Code    24  delay.o(.text)
    xprintf                                  0x08000751   Thumb Code   364  xprintf.o(.text)
    NVIC_PriorityGroupConfig                 0x0800090d   Thumb Code    10  misc.o(.text)
    NVIC_Init                                0x08000917   Thumb Code   100  misc.o(.text)
    NVIC_SetVectorTable                      0x0800097b   Thumb Code    14  misc.o(.text)
    NVIC_SystemLPConfig                      0x08000989   Thumb Code    34  misc.o(.text)
    SysTick_CLKSourceConfig                  0x080009ab   Thumb Code    40  misc.o(.text)
    GPIO_DeInit                              0x080009e9   Thumb Code   172  stm32f10x_gpio.o(.text)
    GPIO_AFIODeInit                          0x08000a95   Thumb Code    20  stm32f10x_gpio.o(.text)
    GPIO_Init                                0x08000aa9   Thumb Code   278  stm32f10x_gpio.o(.text)
    GPIO_StructInit                          0x08000bbf   Thumb Code    16  stm32f10x_gpio.o(.text)
    GPIO_ReadInputDataBit                    0x08000bcf   Thumb Code    18  stm32f10x_gpio.o(.text)
    GPIO_ReadInputData                       0x08000be1   Thumb Code     8  stm32f10x_gpio.o(.text)
    GPIO_ReadOutputDataBit                   0x08000be9   Thumb Code    18  stm32f10x_gpio.o(.text)
    GPIO_ReadOutputData                      0x08000bfb   Thumb Code     8  stm32f10x_gpio.o(.text)
    GPIO_SetBits                             0x08000c03   Thumb Code     4  stm32f10x_gpio.o(.text)
    GPIO_ResetBits                           0x08000c07   Thumb Code     4  stm32f10x_gpio.o(.text)
    GPIO_WriteBit                            0x08000c0b   Thumb Code    10  stm32f10x_gpio.o(.text)
    GPIO_Write                               0x08000c15   Thumb Code     4  stm32f10x_gpio.o(.text)
    GPIO_PinLockConfig                       0x08000c19   Thumb Code    18  stm32f10x_gpio.o(.text)
    GPIO_EventOutputConfig                   0x08000c2b   Thumb Code    26  stm32f10x_gpio.o(.text)
    GPIO_EventOutputCmd                      0x08000c45   Thumb Code     6  stm32f10x_gpio.o(.text)
    GPIO_PinRemapConfig                      0x08000c4b   Thumb Code   138  stm32f10x_gpio.o(.text)
    GPIO_EXTILineConfig                      0x08000cd5   Thumb Code    66  stm32f10x_gpio.o(.text)
    GPIO_ETH_MediaInterfaceConfig            0x08000d17   Thumb Code     8  stm32f10x_gpio.o(.text)
    RCC_DeInit                               0x08000d45   Thumb Code    64  stm32f10x_rcc.o(.text)
    RCC_HSEConfig                            0x08000d85   Thumb Code    70  stm32f10x_rcc.o(.text)
    RCC_GetFlagStatus                        0x08000dcb   Thumb Code    56  stm32f10x_rcc.o(.text)
    RCC_WaitForHSEStartUp                    0x08000e03   Thumb Code    56  stm32f10x_rcc.o(.text)
    RCC_AdjustHSICalibrationValue            0x08000e3b   Thumb Code    20  stm32f10x_rcc.o(.text)
    RCC_HSICmd                               0x08000e4f   Thumb Code     6  stm32f10x_rcc.o(.text)
    RCC_PLLConfig                            0x08000e55   Thumb Code    24  stm32f10x_rcc.o(.text)
    RCC_PLLCmd                               0x08000e6d   Thumb Code     6  stm32f10x_rcc.o(.text)
    RCC_SYSCLKConfig                         0x08000e73   Thumb Code    18  stm32f10x_rcc.o(.text)
    RCC_GetSYSCLKSource                      0x08000e85   Thumb Code    10  stm32f10x_rcc.o(.text)
    RCC_HCLKConfig                           0x08000e8f   Thumb Code    18  stm32f10x_rcc.o(.text)
    RCC_PCLK1Config                          0x08000ea1   Thumb Code    18  stm32f10x_rcc.o(.text)
    RCC_PCLK2Config                          0x08000eb3   Thumb Code    20  stm32f10x_rcc.o(.text)
    RCC_ITConfig                             0x08000ec7   Thumb Code    26  stm32f10x_rcc.o(.text)
    RCC_USBCLKConfig                         0x08000ee1   Thumb Code     8  stm32f10x_rcc.o(.text)
    RCC_ADCCLKConfig                         0x08000ee9   Thumb Code    18  stm32f10x_rcc.o(.text)
    RCC_LSEConfig                            0x08000efb   Thumb Code    50  stm32f10x_rcc.o(.text)
    RCC_LSICmd                               0x08000f2d   Thumb Code     6  stm32f10x_rcc.o(.text)
    RCC_RTCCLKConfig                         0x08000f33   Thumb Code    12  stm32f10x_rcc.o(.text)
    RCC_RTCCLKCmd                            0x08000f3f   Thumb Code     8  stm32f10x_rcc.o(.text)
    RCC_GetClocksFreq                        0x08000f47   Thumb Code   192  stm32f10x_rcc.o(.text)
    RCC_AHBPeriphClockCmd                    0x08001007   Thumb Code    26  stm32f10x_rcc.o(.text)
    RCC_APB2PeriphClockCmd                   0x08001021   Thumb Code    26  stm32f10x_rcc.o(.text)
    RCC_APB1PeriphClockCmd                   0x0800103b   Thumb Code    26  stm32f10x_rcc.o(.text)
    RCC_APB2PeriphResetCmd                   0x08001055   Thumb Code    26  stm32f10x_rcc.o(.text)
    RCC_APB1PeriphResetCmd                   0x0800106f   Thumb Code    26  stm32f10x_rcc.o(.text)
    RCC_BackupResetCmd                       0x08001089   Thumb Code     8  stm32f10x_rcc.o(.text)
    RCC_ClockSecuritySystemCmd               0x08001091   Thumb Code     6  stm32f10x_rcc.o(.text)
    RCC_MCOConfig                            0x08001097   Thumb Code     6  stm32f10x_rcc.o(.text)
    RCC_ClearFlag                            0x0800109d   Thumb Code    14  stm32f10x_rcc.o(.text)
    RCC_GetITStatus                          0x080010ab   Thumb Code    20  stm32f10x_rcc.o(.text)
    RCC_ClearITPendingBit                    0x080010bf   Thumb Code     6  stm32f10x_rcc.o(.text)
    TIM_DeInit                               0x080010e9   Thumb Code   424  stm32f10x_tim.o(.text)
    TIM_TimeBaseInit                         0x08001291   Thumb Code   122  stm32f10x_tim.o(.text)
    TIM_OC1Init                              0x0800130b   Thumb Code   132  stm32f10x_tim.o(.text)
    TIM_OC2Init                              0x0800138f   Thumb Code   154  stm32f10x_tim.o(.text)
    TIM_OC3Init                              0x08001429   Thumb Code   150  stm32f10x_tim.o(.text)
    TIM_OC4Init                              0x080014bf   Thumb Code   182  stm32f10x_tim.o(.text)
    TIM_SetIC4Prescaler                      0x08001575   Thumb Code    26  stm32f10x_tim.o(.text)
    TIM_SetIC3Prescaler                      0x08001611   Thumb Code    18  stm32f10x_tim.o(.text)
    TIM_SetIC2Prescaler                      0x0800169d   Thumb Code    26  stm32f10x_tim.o(.text)
    TIM_SetIC1Prescaler                      0x08001739   Thumb Code    18  stm32f10x_tim.o(.text)
    TIM_ICInit                               0x080017b7   Thumb Code   150  stm32f10x_tim.o(.text)
    TIM_PWMIConfig                           0x0800184d   Thumb Code   124  stm32f10x_tim.o(.text)
    TIM_BDTRConfig                           0x080018c9   Thumb Code    32  stm32f10x_tim.o(.text)
    TIM_TimeBaseStructInit                   0x080018e9   Thumb Code    18  stm32f10x_tim.o(.text)
    TIM_OCStructInit                         0x080018fb   Thumb Code    20  stm32f10x_tim.o(.text)
    TIM_ICStructInit                         0x0800190f   Thumb Code    18  stm32f10x_tim.o(.text)
    TIM_BDTRStructInit                       0x08001921   Thumb Code    40  stm32f10x_tim.o(.text)
    TIM_Cmd                                  0x08001949   Thumb Code    24  stm32f10x_tim.o(.text)
    TIM_CtrlPWMOutputs                       0x08001961   Thumb Code    30  stm32f10x_tim.o(.text)
    TIM_ITConfig                             0x0800197f   Thumb Code    18  stm32f10x_tim.o(.text)
    TIM_GenerateEvent                        0x08001991   Thumb Code     4  stm32f10x_tim.o(.text)
    TIM_DMAConfig                            0x08001995   Thumb Code    10  stm32f10x_tim.o(.text)
    TIM_DMACmd                               0x0800199f   Thumb Code    18  stm32f10x_tim.o(.text)
    TIM_InternalClockConfig                  0x080019b1   Thumb Code    12  stm32f10x_tim.o(.text)
    TIM_SelectInputTrigger                   0x080019bd   Thumb Code    18  stm32f10x_tim.o(.text)
    TIM_ITRxExternalClockConfig              0x080019cf   Thumb Code    24  stm32f10x_tim.o(.text)
    TIM_TIxExternalClockConfig               0x080019e7   Thumb Code    62  stm32f10x_tim.o(.text)
    TIM_ETRConfig                            0x08001a25   Thumb Code    28  stm32f10x_tim.o(.text)
    TIM_ETRClockMode1Config                  0x08001a41   Thumb Code    54  stm32f10x_tim.o(.text)
    TIM_ETRClockMode2Config                  0x08001a77   Thumb Code    32  stm32f10x_tim.o(.text)
    TIM_PrescalerConfig                      0x08001a97   Thumb Code     6  stm32f10x_tim.o(.text)
    TIM_CounterModeConfig                    0x08001a9d   Thumb Code    18  stm32f10x_tim.o(.text)
    TIM_EncoderInterfaceConfig               0x08001aaf   Thumb Code    66  stm32f10x_tim.o(.text)
    TIM_ForcedOC1Config                      0x08001af1   Thumb Code    18  stm32f10x_tim.o(.text)
    TIM_ForcedOC2Config                      0x08001b03   Thumb Code    26  stm32f10x_tim.o(.text)
    TIM_ForcedOC3Config                      0x08001b1d   Thumb Code    18  stm32f10x_tim.o(.text)
    TIM_ForcedOC4Config                      0x08001b2f   Thumb Code    26  stm32f10x_tim.o(.text)
    TIM_ARRPreloadConfig                     0x08001b49   Thumb Code    24  stm32f10x_tim.o(.text)
    TIM_SelectCOM                            0x08001b61   Thumb Code    24  stm32f10x_tim.o(.text)
    TIM_SelectCCDMA                          0x08001b79   Thumb Code    24  stm32f10x_tim.o(.text)
    TIM_CCPreloadControl                     0x08001b91   Thumb Code    24  stm32f10x_tim.o(.text)
    TIM_OC1PreloadConfig                     0x08001ba9   Thumb Code    18  stm32f10x_tim.o(.text)
    TIM_OC2PreloadConfig                     0x08001bbb   Thumb Code    26  stm32f10x_tim.o(.text)
    TIM_OC3PreloadConfig                     0x08001bd5   Thumb Code    18  stm32f10x_tim.o(.text)
    TIM_OC4PreloadConfig                     0x08001be7   Thumb Code    26  stm32f10x_tim.o(.text)
    TIM_OC1FastConfig                        0x08001c01   Thumb Code    18  stm32f10x_tim.o(.text)
    TIM_OC2FastConfig                        0x08001c13   Thumb Code    26  stm32f10x_tim.o(.text)
    TIM_OC3FastConfig                        0x08001c2d   Thumb Code    18  stm32f10x_tim.o(.text)
    TIM_OC4FastConfig                        0x08001c3f   Thumb Code    26  stm32f10x_tim.o(.text)
    TIM_ClearOC1Ref                          0x08001c59   Thumb Code    18  stm32f10x_tim.o(.text)
    TIM_ClearOC2Ref                          0x08001c6b   Thumb Code    24  stm32f10x_tim.o(.text)
    TIM_ClearOC3Ref                          0x08001c83   Thumb Code    18  stm32f10x_tim.o(.text)
    TIM_ClearOC4Ref                          0x08001c95   Thumb Code    24  stm32f10x_tim.o(.text)
    TIM_OC1PolarityConfig                    0x08001cad   Thumb Code    18  stm32f10x_tim.o(.text)
    TIM_OC1NPolarityConfig                   0x08001cbf   Thumb Code    18  stm32f10x_tim.o(.text)
    TIM_OC2PolarityConfig                    0x08001cd1   Thumb Code    26  stm32f10x_tim.o(.text)
    TIM_OC2NPolarityConfig                   0x08001ceb   Thumb Code    26  stm32f10x_tim.o(.text)
    TIM_OC3PolarityConfig                    0x08001d05   Thumb Code    26  stm32f10x_tim.o(.text)
    TIM_OC3NPolarityConfig                   0x08001d1f   Thumb Code    26  stm32f10x_tim.o(.text)
    TIM_OC4PolarityConfig                    0x08001d39   Thumb Code    26  stm32f10x_tim.o(.text)
    TIM_CCxCmd                               0x08001d53   Thumb Code    30  stm32f10x_tim.o(.text)
    TIM_CCxNCmd                              0x08001d71   Thumb Code    30  stm32f10x_tim.o(.text)
    TIM_SelectOCxM                           0x08001d8f   Thumb Code    82  stm32f10x_tim.o(.text)
    TIM_UpdateDisableConfig                  0x08001de1   Thumb Code    24  stm32f10x_tim.o(.text)
    TIM_UpdateRequestConfig                  0x08001df9   Thumb Code    24  stm32f10x_tim.o(.text)
    TIM_SelectHallSensor                     0x08001e11   Thumb Code    24  stm32f10x_tim.o(.text)
    TIM_SelectOnePulseMode                   0x08001e29   Thumb Code    18  stm32f10x_tim.o(.text)
    TIM_SelectOutputTrigger                  0x08001e3b   Thumb Code    18  stm32f10x_tim.o(.text)
    TIM_SelectSlaveMode                      0x08001e4d   Thumb Code    18  stm32f10x_tim.o(.text)
    TIM_SelectMasterSlaveMode                0x08001e5f   Thumb Code    18  stm32f10x_tim.o(.text)
    TIM_SetCounter                           0x08001e71   Thumb Code     4  stm32f10x_tim.o(.text)
    TIM_SetAutoreload                        0x08001e75   Thumb Code     4  stm32f10x_tim.o(.text)
    TIM_SetCompare1                          0x08001e79   Thumb Code     4  stm32f10x_tim.o(.text)
    TIM_SetCompare2                          0x08001e7d   Thumb Code     4  stm32f10x_tim.o(.text)
    TIM_SetCompare3                          0x08001e81   Thumb Code     4  stm32f10x_tim.o(.text)
    TIM_SetCompare4                          0x08001e85   Thumb Code     6  stm32f10x_tim.o(.text)
    TIM_SetClockDivision                     0x08001e8b   Thumb Code    18  stm32f10x_tim.o(.text)
    TIM_GetCapture1                          0x08001e9d   Thumb Code     6  stm32f10x_tim.o(.text)
    TIM_GetCapture2                          0x08001ea3   Thumb Code     6  stm32f10x_tim.o(.text)
    TIM_GetCapture3                          0x08001ea9   Thumb Code     6  stm32f10x_tim.o(.text)
    TIM_GetCapture4                          0x08001eaf   Thumb Code     8  stm32f10x_tim.o(.text)
    TIM_GetCounter                           0x08001eb7   Thumb Code     6  stm32f10x_tim.o(.text)
    TIM_GetPrescaler                         0x08001ebd   Thumb Code     6  stm32f10x_tim.o(.text)
    TIM_GetFlagStatus                        0x08001ec3   Thumb Code    18  stm32f10x_tim.o(.text)
    TIM_ClearFlag                            0x08001ed5   Thumb Code     6  stm32f10x_tim.o(.text)
    TIM_GetITStatus                          0x08001edb   Thumb Code    34  stm32f10x_tim.o(.text)
    TIM_ClearITPendingBit                    0x08001efd   Thumb Code     6  stm32f10x_tim.o(.text)
    Reset_Handler                            0x08001f05   Thumb Code     8  startup_stm32f10x_md.o(.text)
    NMI_Handler                              0x08001f0d   Thumb Code     2  startup_stm32f10x_md.o(.text)
    HardFault_Handler                        0x08001f0f   Thumb Code     2  startup_stm32f10x_md.o(.text)
    MemManage_Handler                        0x08001f11   Thumb Code     2  startup_stm32f10x_md.o(.text)
    BusFault_Handler                         0x08001f13   Thumb Code     2  startup_stm32f10x_md.o(.text)
    UsageFault_Handler                       0x08001f15   Thumb Code     2  startup_stm32f10x_md.o(.text)
    SVC_Handler                              0x08001f17   Thumb Code     2  startup_stm32f10x_md.o(.text)
    DebugMon_Handler                         0x08001f19   Thumb Code     2  startup_stm32f10x_md.o(.text)
    PendSV_Handler                           0x08001f1b   Thumb Code     2  startup_stm32f10x_md.o(.text)
    ADC1_2_IRQHandler                        0x08001f1f   Thumb Code     0  startup_stm32f10x_md.o(.text)
    CAN1_RX1_IRQHandler                      0x08001f1f   Thumb Code     0  startup_stm32f10x_md.o(.text)
    CAN1_SCE_IRQHandler                      0x08001f1f   Thumb Code     0  startup_stm32f10x_md.o(.text)
    DMA1_Channel1_IRQHandler                 0x08001f1f   Thumb Code     0  startup_stm32f10x_md.o(.text)
    DMA1_Channel2_IRQHandler                 0x08001f1f   Thumb Code     0  startup_stm32f10x_md.o(.text)
    DMA1_Channel3_IRQHandler                 0x08001f1f   Thumb Code     0  startup_stm32f10x_md.o(.text)
    DMA1_Channel4_IRQHandler                 0x08001f1f   Thumb Code     0  startup_stm32f10x_md.o(.text)
    DMA1_Channel5_IRQHandler                 0x08001f1f   Thumb Code     0  startup_stm32f10x_md.o(.text)
    DMA1_Channel6_IRQHandler                 0x08001f1f   Thumb Code     0  startup_stm32f10x_md.o(.text)
    DMA1_Channel7_IRQHandler                 0x08001f1f   Thumb Code     0  startup_stm32f10x_md.o(.text)
    EXTI0_IRQHandler                         0x08001f1f   Thumb Code     0  startup_stm32f10x_md.o(.text)
    EXTI15_10_IRQHandler                     0x08001f1f   Thumb Code     0  startup_stm32f10x_md.o(.text)
    EXTI1_IRQHandler                         0x08001f1f   Thumb Code     0  startup_stm32f10x_md.o(.text)
    EXTI2_IRQHandler                         0x08001f1f   Thumb Code     0  startup_stm32f10x_md.o(.text)
    EXTI3_IRQHandler                         0x08001f1f   Thumb Code     0  startup_stm32f10x_md.o(.text)
    EXTI4_IRQHandler                         0x08001f1f   Thumb Code     0  startup_stm32f10x_md.o(.text)
    EXTI9_5_IRQHandler                       0x08001f1f   Thumb Code     0  startup_stm32f10x_md.o(.text)
    FLASH_IRQHandler                         0x08001f1f   Thumb Code     0  startup_stm32f10x_md.o(.text)
    I2C1_ER_IRQHandler                       0x08001f1f   Thumb Code     0  startup_stm32f10x_md.o(.text)
    I2C1_EV_IRQHandler                       0x08001f1f   Thumb Code     0  startup_stm32f10x_md.o(.text)
    I2C2_ER_IRQHandler                       0x08001f1f   Thumb Code     0  startup_stm32f10x_md.o(.text)
    I2C2_EV_IRQHandler                       0x08001f1f   Thumb Code     0  startup_stm32f10x_md.o(.text)
    PVD_IRQHandler                           0x08001f1f   Thumb Code     0  startup_stm32f10x_md.o(.text)
    RCC_IRQHandler                           0x08001f1f   Thumb Code     0  startup_stm32f10x_md.o(.text)
    RTCAlarm_IRQHandler                      0x08001f1f   Thumb Code     0  startup_stm32f10x_md.o(.text)
    RTC_IRQHandler                           0x08001f1f   Thumb Code     0  startup_stm32f10x_md.o(.text)
    SPI1_IRQHandler                          0x08001f1f   Thumb Code     0  startup_stm32f10x_md.o(.text)
    SPI2_IRQHandler                          0x08001f1f   Thumb Code     0  startup_stm32f10x_md.o(.text)
    TAMPER_IRQHandler                        0x08001f1f   Thumb Code     0  startup_stm32f10x_md.o(.text)
    TIM1_BRK_IRQHandler                      0x08001f1f   Thumb Code     0  startup_stm32f10x_md.o(.text)
    TIM1_CC_IRQHandler                       0x08001f1f   Thumb Code     0  startup_stm32f10x_md.o(.text)
    TIM1_TRG_COM_IRQHandler                  0x08001f1f   Thumb Code     0  startup_stm32f10x_md.o(.text)
    TIM1_UP_IRQHandler                       0x08001f1f   Thumb Code     0  startup_stm32f10x_md.o(.text)
    TIM3_IRQHandler                          0x08001f1f   Thumb Code     0  startup_stm32f10x_md.o(.text)
    TIM4_IRQHandler                          0x08001f1f   Thumb Code     0  startup_stm32f10x_md.o(.text)
    USART1_IRQHandler                        0x08001f1f   Thumb Code     0  startup_stm32f10x_md.o(.text)
    USART2_IRQHandler                        0x08001f1f   Thumb Code     0  startup_stm32f10x_md.o(.text)
    USART3_IRQHandler                        0x08001f1f   Thumb Code     0  startup_stm32f10x_md.o(.text)
    USBWakeUp_IRQHandler                     0x08001f1f   Thumb Code     0  startup_stm32f10x_md.o(.text)
    USB_HP_CAN1_TX_IRQHandler                0x08001f1f   Thumb Code     0  startup_stm32f10x_md.o(.text)
    USB_LP_CAN1_RX0_IRQHandler               0x08001f1f   Thumb Code     0  startup_stm32f10x_md.o(.text)
    WWDG_IRQHandler                          0x08001f1f   Thumb Code     0  startup_stm32f10x_md.o(.text)
    __user_initial_stackheap                 0x08001f21   Thumb Code     0  startup_stm32f10x_md.o(.text)
    SystemInit                               0x08002023   Thumb Code    78  system_stm32f10x.o(.text)
    SystemCoreClockUpdate                    0x08002071   Thumb Code   142  system_stm32f10x.o(.text)
    USART_DeInit                             0x08002125   Thumb Code   134  stm32f10x_usart.o(.text)
    USART_Init                               0x080021ab   Thumb Code   210  stm32f10x_usart.o(.text)
    USART_StructInit                         0x0800227d   Thumb Code    24  stm32f10x_usart.o(.text)
    USART_ClockInit                          0x08002295   Thumb Code    34  stm32f10x_usart.o(.text)
    USART_ClockStructInit                    0x080022b7   Thumb Code    12  stm32f10x_usart.o(.text)
    USART_Cmd                                0x080022c3   Thumb Code    24  stm32f10x_usart.o(.text)
    USART_ITConfig                           0x080022db   Thumb Code    74  stm32f10x_usart.o(.text)
    USART_DMACmd                             0x08002325   Thumb Code    18  stm32f10x_usart.o(.text)
    USART_SetAddress                         0x08002337   Thumb Code    18  stm32f10x_usart.o(.text)
    USART_WakeUpConfig                       0x08002349   Thumb Code    18  stm32f10x_usart.o(.text)
    USART_ReceiverWakeUpCmd                  0x0800235b   Thumb Code    24  stm32f10x_usart.o(.text)
    USART_LINBreakDetectLengthConfig         0x08002373   Thumb Code    18  stm32f10x_usart.o(.text)
    USART_LINCmd                             0x08002385   Thumb Code    24  stm32f10x_usart.o(.text)
    USART_SendData                           0x0800239d   Thumb Code     8  stm32f10x_usart.o(.text)
    USART_ReceiveData                        0x080023a5   Thumb Code    10  stm32f10x_usart.o(.text)
    USART_SendBreak                          0x080023af   Thumb Code    10  stm32f10x_usart.o(.text)
    USART_SetGuardTime                       0x080023b9   Thumb Code    16  stm32f10x_usart.o(.text)
    USART_SetPrescaler                       0x080023c9   Thumb Code    16  stm32f10x_usart.o(.text)
    USART_SmartCardCmd                       0x080023d9   Thumb Code    24  stm32f10x_usart.o(.text)
    USART_SmartCardNACKCmd                   0x080023f1   Thumb Code    24  stm32f10x_usart.o(.text)
    USART_HalfDuplexCmd                      0x08002409   Thumb Code    24  stm32f10x_usart.o(.text)
    USART_OverSampling8Cmd                   0x08002421   Thumb Code    22  stm32f10x_usart.o(.text)
    USART_OneBitMethodCmd                    0x08002437   Thumb Code    24  stm32f10x_usart.o(.text)
    USART_IrDAConfig                         0x0800244f   Thumb Code    18  stm32f10x_usart.o(.text)
    USART_IrDACmd                            0x08002461   Thumb Code    24  stm32f10x_usart.o(.text)
    USART_GetFlagStatus                      0x08002479   Thumb Code    26  stm32f10x_usart.o(.text)
    USART_ClearFlag                          0x08002493   Thumb Code    18  stm32f10x_usart.o(.text)
    USART_GetITStatus                        0x080024a5   Thumb Code    84  stm32f10x_usart.o(.text)
    USART_ClearITPendingBit                  0x080024f9   Thumb Code    52  stm32f10x_usart.o(.text)
    __2printf                                0x0800252d   Thumb Code    20  noretval__2printf.o(.text)
    __printf                                 0x08002545   Thumb Code   104  __printf.o(.text)
    _printf_str                              0x080025ad   Thumb Code    82  _printf_str.o(.text)
    _printf_int_dec                          0x08002601   Thumb Code   104  _printf_dec.o(.text)
    strcpy                                   0x08002679   Thumb Code    72  strcpy.o(.text)
    strlen                                   0x080026c1   Thumb Code    62  strlen.o(.text)
    __use_two_region_memory                  0x080026ff   Thumb Code     2  heapauxi.o(.text)
    __rt_heap_escrow                         0x08002701   Thumb Code     2  heapauxi.o(.text)
    __rt_heap_expand                         0x08002703   Thumb Code     2  heapauxi.o(.text)
    _printf_int_common                       0x08002705   Thumb Code   178  _printf_intcommon.o(.text)
    _printf_cs_common                        0x080027b7   Thumb Code    20  _printf_char.o(.text)
    _printf_char                             0x080027cb   Thumb Code    16  _printf_char.o(.text)
    _printf_string                           0x080027db   Thumb Code     8  _printf_char.o(.text)
    _printf_char_file                        0x080027e5   Thumb Code    32  _printf_char_file.o(.text)
    _printf_char_common                      0x08002813   Thumb Code    32  _printf_char_common.o(.text)
    ferror                                   0x08002839   Thumb Code     8  ferror.o(.text)
    _initio                                  0x08002841   Thumb Code   210  initio.o(.text)
    _terminateio                             0x08002913   Thumb Code    56  initio.o(.text)
    _sys_open                                0x08002979   Thumb Code    20  sys_io.o(.text)
    _sys_close                               0x0800298d   Thumb Code    12  sys_io.o(.text)
    _sys_write                               0x08002999   Thumb Code    16  sys_io.o(.text)
    _sys_read                                0x080029a9   Thumb Code    14  sys_io.o(.text)
    _sys_istty                               0x080029b7   Thumb Code    12  sys_io.o(.text)
    _sys_seek                                0x080029c3   Thumb Code    14  sys_io.o(.text)
    _sys_ensure                              0x080029d1   Thumb Code     2  sys_io.o(.text)
    _sys_flen                                0x080029d3   Thumb Code    12  sys_io.o(.text)
    __user_setup_stackheap                   0x080029df   Thumb Code    74  sys_stackheap_outer.o(.text)
    free                                     0x08002a29   Thumb Code    78  h1_free.o(.text)
    setvbuf                                  0x08002a77   Thumb Code    70  setvbuf.o(.text)
    freopen                                  0x08002abd   Thumb Code   158  fopen.o(.text)
    fopen                                    0x08002b5b   Thumb Code    74  fopen.o(.text)
    _fclose_internal                         0x08002ba9   Thumb Code    76  fclose.o(.text)
    fclose                                   0x08002ba9   Thumb Code     0  fclose.o(.text)
    exit                                     0x08002bf5   Thumb Code    18  exit.o(.text)
    __rt_SIGRTRED                            0x08002c07   Thumb Code    14  defsig_rtred_outer.o(.text)
    __aeabi_memclr4                          0x08002c15   Thumb Code     0  rt_memclr_w.o(.text)
    __aeabi_memclr8                          0x08002c15   Thumb Code     0  rt_memclr_w.o(.text)
    __rt_memclr_w                            0x08002c15   Thumb Code    78  rt_memclr_w.o(.text)
    _memset_w                                0x08002c19   Thumb Code     0  rt_memclr_w.o(.text)
    __user_libspace                          0x08002c65   Thumb Code     8  libspace.o(.text)
    __user_perproc_libspace                  0x08002c65   Thumb Code     0  libspace.o(.text)
    __user_perthread_libspace                0x08002c65   Thumb Code     0  libspace.o(.text)
    __I$use$semihosting                      0x08002c6d   Thumb Code     0  use_no_semi.o(.text)
    __use_no_semihosting_swi                 0x08002c6d   Thumb Code     2  use_no_semi.o(.text)
    __semihosting_library_function           0x08002c6f   Thumb Code     0  indicate_semi.o(.text)
    __rt_heap_descriptor                     0x08002c71   Thumb Code     8  rt_heap_descriptor_intlibspace.o(.text)
    __use_no_heap                            0x08002c79   Thumb Code     2  hguard.o(.text)
    __heap$guard                             0x08002c7b   Thumb Code     2  hguard.o(.text)
    _terminate_user_alloc                    0x08002c7d   Thumb Code     2  init_alloc.o(.text)
    _init_user_alloc                         0x08002c7f   Thumb Code     2  init_alloc.o(.text)
    __Heap_Full                              0x08002c81   Thumb Code    34  init_alloc.o(.text)
    __Heap_Broken                            0x08002ca3   Thumb Code     6  init_alloc.o(.text)
    _init_alloc                              0x08002ca9   Thumb Code    94  init_alloc.o(.text)
    malloc                                   0x08002d07   Thumb Code    94  h1_alloc.o(.text)
    _fseek                                   0x08002d65   Thumb Code   242  fseek.o(.text)
    fseek                                    0x08002d65   Thumb Code     0  fseek.o(.text)
    _seterr                                  0x08002e5d   Thumb Code    20  stdio.o(.text)
    _writebuf                                0x08002e71   Thumb Code    84  stdio.o(.text)
    _fflush                                  0x08002ec5   Thumb Code    70  stdio.o(.text)
    _deferredlazyseek                        0x08002f0b   Thumb Code    60  stdio.o(.text)
    __sig_exit                               0x08002f4d   Thumb Code    10  defsig_exit.o(.text)
    __rt_SIGRTRED_inner                      0x08002f59   Thumb Code    14  defsig_rtred_inner.o(.text)
    _sys_exit                                0x08002f8d   Thumb Code     8  sys_exit.o(.text)
    __Heap_Initialize                        0x08002f99   Thumb Code    10  h1_init.o(.text)
    __Heap_DescSize                          0x08002fa3   Thumb Code     4  h1_init.o(.text)
    __Heap_ProvideMemory                     0x08002fa7   Thumb Code    52  h1_extend.o(.text)
    _ftell_internal                          0x08002fdb   Thumb Code    66  ftell.o(.text)
    ftell                                    0x08002fdb   Thumb Code     0  ftell.o(.text)
    __default_signal_display                 0x0800301d   Thumb Code    50  defsig_general.o(.text)
    __rt_SIGRTMEM                            0x0800304f   Thumb Code    14  defsig_rtmem_outer.o(.text)
    _ttywrch                                 0x0800305d   Thumb Code    14  sys_wrch.o(.text)
    __aeabi_errno_addr                       0x0800306d   Thumb Code     8  rt_errno_addr_intlibspace.o(.text)
    __errno$intlibspace                      0x0800306d   Thumb Code     0  rt_errno_addr_intlibspace.o(.text)
    __rt_errno_addr$intlibspace              0x0800306d   Thumb Code     0  rt_errno_addr_intlibspace.o(.text)
    __rt_SIGRTMEM_inner                      0x08003075   Thumb Code    22  defsig_rtmem_inner.o(.text)
    font1                                    0x080030c4   Data          40  xprintf.o(.constdata)
    __stdin_name                             0x080030ec   Data           4  sys_io.o(.constdata)
    __stdout_name                            0x080030f0   Data           4  sys_io.o(.constdata)
    __stderr_name                            0x080030f4   Data           4  sys_io.o(.constdata)
    Region$$Table$$Base                      0x080031ac   Number         0  anon$$obj.o(Region$$Table)
    Region$$Table$$Limit                     0x080031cc   Number         0  anon$$obj.o(Region$$Table)
    msTicks                                  0x20000000   Data           4  main.o(.data)
    GPIO_InitStruct                          0x20000004   Data           4  main.o(.data)
    buffer                                   0x20000008   Data           4  main.o(.data)
    A                                        0x20000010   Data           4  xprintf.o(.data)
    B                                        0x20000014   Data           4  xprintf.o(.data)
    C                                        0x20000018   Data           4  xprintf.o(.data)
    D                                        0x2000001c   Data           4  xprintf.o(.data)
    E                                        0x20000020   Data           4  xprintf.o(.data)
    F                                        0x20000024   Data           4  xprintf.o(.data)
    G                                        0x20000028   Data           4  xprintf.o(.data)
    SystemCoreClock                          0x20000040   Data           4  system_stm32f10x.o(.data)
    AHBPrescTable                            0x20000044   Data          16  system_stm32f10x.o(.data)
    __aeabi_stdin                            0x20000054   Data           4  stdio_streams.o(.data)
    __aeabi_stdout                           0x20000058   Data           4  stdio_streams.o(.data)
    __aeabi_stderr                           0x2000005c   Data           4  stdio_streams.o(.data)
    __stdin                                  0x20000060   Data          84  stdio_streams.o(.bss)
    __stdout                                 0x200000b4   Data          84  stdio_streams.o(.bss)
    __stderr                                 0x20000108   Data          84  stdio_streams.o(.bss)
    __libspace_start                         0x2000015c   Data          96  libspace.o(.bss)
    __temporary_stack_top$libspace           0x200001bc   Data           0  libspace.o(.bss)



==============================================================================

Memory Map of the image

  Image Entry point : 0x080000ed

  Load Region LR_IROM1 (Base: 0x08000000, Size: 0x0000322c, Max: 0x00010000, ABSOLUTE)

    Execution Region ER_IROM1 (Exec base: 0x08000000, Load base: 0x08000000, Size: 0x000031cc, Max: 0x00010000, ABSOLUTE)

    Exec Addr    Load Addr    Size         Type   Attr      Idx    E Section Name        Object

    0x08000000   0x08000000   0x000000ec   Data   RO          239    RESET               startup_stm32f10x_md.o
    0x080000ec   0x080000ec   0x00000008   Code   RO          339  * !!!main             c_w.l(__main.o)
    0x080000f4   0x080000f4   0x00000034   Code   RO          664    !!!scatter          c_w.l(__scatter.o)
    0x08000128   0x08000128   0x0000001a   Code   RO          666    !!handler_copy      c_w.l(__scatter_copy.o)
    0x08000142   0x08000142   0x00000002   PAD
    0x08000144   0x08000144   0x0000001c   Code   RO          668    !!handler_zi        c_w.l(__scatter_zi.o)
    0x08000160   0x08000160   0x00000000   Code   RO          332    .ARM.Collect$$_printf_percent$$00000000  c_w.l(_printf_percent.o)
    0x08000160   0x08000160   0x00000006   Code   RO          331    .ARM.Collect$$_printf_percent$$00000009  c_w.l(_printf_d.o)
    0x08000166   0x08000166   0x00000006   Code   RO          330    .ARM.Collect$$_printf_percent$$00000013  c_w.l(_printf_c.o)
    0x0800016c   0x0800016c   0x00000004   Code   RO          348    .ARM.Collect$$_printf_percent$$00000017  c_w.l(_printf_percent_end.o)
    0x08000170   0x08000170   0x00000002   Code   RO          471    .ARM.Collect$$libinit$$00000000  c_w.l(libinit.o)
    0x08000172   0x08000172   0x00000000   Code   RO          473    .ARM.Collect$$libinit$$00000002  c_w.l(libinit2.o)
    0x08000172   0x08000172   0x00000000   Code   RO          475    .ARM.Collect$$libinit$$00000004  c_w.l(libinit2.o)
    0x08000172   0x08000172   0x00000008   Code   RO          476    .ARM.Collect$$libinit$$00000005  c_w.l(libinit2.o)
    0x0800017a   0x0800017a   0x00000000   Code   RO          478    .ARM.Collect$$libinit$$0000000A  c_w.l(libinit2.o)
    0x0800017a   0x0800017a   0x00000000   Code   RO          480    .ARM.Collect$$libinit$$0000000C  c_w.l(libinit2.o)
    0x0800017a   0x0800017a   0x00000000   Code   RO          482    .ARM.Collect$$libinit$$0000000E  c_w.l(libinit2.o)
    0x0800017a   0x0800017a   0x00000000   Code   RO          485    .ARM.Collect$$libinit$$00000011  c_w.l(libinit2.o)
    0x0800017a   0x0800017a   0x00000000   Code   RO          487    .ARM.Collect$$libinit$$00000013  c_w.l(libinit2.o)
    0x0800017a   0x0800017a   0x00000000   Code   RO          489    .ARM.Collect$$libinit$$00000015  c_w.l(libinit2.o)
    0x0800017a   0x0800017a   0x00000000   Code   RO          491    .ARM.Collect$$libinit$$00000017  c_w.l(libinit2.o)
    0x0800017a   0x0800017a   0x00000000   Code   RO          493    .ARM.Collect$$libinit$$00000019  c_w.l(libinit2.o)
    0x0800017a   0x0800017a   0x00000000   Code   RO          495    .ARM.Collect$$libinit$$0000001B  c_w.l(libinit2.o)
    0x0800017a   0x0800017a   0x00000000   Code   RO          497    .ARM.Collect$$libinit$$0000001D  c_w.l(libinit2.o)
    0x0800017a   0x0800017a   0x00000000   Code   RO          499    .ARM.Collect$$libinit$$0000001F  c_w.l(libinit2.o)
    0x0800017a   0x0800017a   0x00000000   Code   RO          501    .ARM.Collect$$libinit$$00000021  c_w.l(libinit2.o)
    0x0800017a   0x0800017a   0x00000000   Code   RO          503    .ARM.Collect$$libinit$$00000023  c_w.l(libinit2.o)
    0x0800017a   0x0800017a   0x00000004   Code   RO          504    .ARM.Collect$$libinit$$00000024  c_w.l(libinit2.o)
    0x0800017e   0x0800017e   0x00000000   Code   RO          505    .ARM.Collect$$libinit$$00000025  c_w.l(libinit2.o)
    0x0800017e   0x0800017e   0x00000000   Code   RO          509    .ARM.Collect$$libinit$$0000002C  c_w.l(libinit2.o)
    0x0800017e   0x0800017e   0x00000000   Code   RO          511    .ARM.Collect$$libinit$$0000002E  c_w.l(libinit2.o)
    0x0800017e   0x0800017e   0x00000000   Code   RO          513    .ARM.Collect$$libinit$$00000030  c_w.l(libinit2.o)
    0x0800017e   0x0800017e   0x00000000   Code   RO          515    .ARM.Collect$$libinit$$00000032  c_w.l(libinit2.o)
    0x0800017e   0x0800017e   0x00000002   Code   RO          516    .ARM.Collect$$libinit$$00000033  c_w.l(libinit2.o)
    0x08000180   0x08000180   0x00000002   Code   RO          643    .ARM.Collect$$libshutdown$$00000000  c_w.l(libshutdown.o)
    0x08000182   0x08000182   0x00000000   Code   RO          518    .ARM.Collect$$libshutdown$$00000002  c_w.l(libshutdown2.o)
    0x08000182   0x08000182   0x00000000   Code   RO          520    .ARM.Collect$$libshutdown$$00000004  c_w.l(libshutdown2.o)
    0x08000182   0x08000182   0x00000004   Code   RO          521    .ARM.Collect$$libshutdown$$00000005  c_w.l(libshutdown2.o)
    0x08000186   0x08000186   0x00000000   Code   RO          522    .ARM.Collect$$libshutdown$$00000006  c_w.l(libshutdown2.o)
    0x08000186   0x08000186   0x00000000   Code   RO          525    .ARM.Collect$$libshutdown$$00000009  c_w.l(libshutdown2.o)
    0x08000186   0x08000186   0x00000000   Code   RO          528    .ARM.Collect$$libshutdown$$0000000C  c_w.l(libshutdown2.o)
    0x08000186   0x08000186   0x00000000   Code   RO          530    .ARM.Collect$$libshutdown$$0000000E  c_w.l(libshutdown2.o)
    0x08000186   0x08000186   0x00000000   Code   RO          533    .ARM.Collect$$libshutdown$$00000011  c_w.l(libshutdown2.o)
    0x08000186   0x08000186   0x00000002   Code   RO          534    .ARM.Collect$$libshutdown$$00000012  c_w.l(libshutdown2.o)
    0x08000188   0x08000188   0x00000000   Code   RO          341    .ARM.Collect$$rtentry$$00000000  c_w.l(__rtentry.o)
    0x08000188   0x08000188   0x00000000   Code   RO          356    .ARM.Collect$$rtentry$$00000002  c_w.l(__rtentry2.o)
    0x08000188   0x08000188   0x00000006   Code   RO          368    .ARM.Collect$$rtentry$$00000004  c_w.l(__rtentry4.o)
    0x0800018e   0x0800018e   0x00000000   Code   RO          358    .ARM.Collect$$rtentry$$00000009  c_w.l(__rtentry2.o)
    0x0800018e   0x0800018e   0x00000004   Code   RO          359    .ARM.Collect$$rtentry$$0000000A  c_w.l(__rtentry2.o)
    0x08000192   0x08000192   0x00000000   Code   RO          361    .ARM.Collect$$rtentry$$0000000C  c_w.l(__rtentry2.o)
    0x08000192   0x08000192   0x00000008   Code   RO          362    .ARM.Collect$$rtentry$$0000000D  c_w.l(__rtentry2.o)
    0x0800019a   0x0800019a   0x00000002   Code   RO          541    .ARM.Collect$$rtexit$$00000000  c_w.l(rtexit.o)
    0x0800019c   0x0800019c   0x00000000   Code   RO          589    .ARM.Collect$$rtexit$$00000002  c_w.l(rtexit2.o)
    0x0800019c   0x0800019c   0x00000004   Code   RO          590    .ARM.Collect$$rtexit$$00000003  c_w.l(rtexit2.o)
    0x080001a0   0x080001a0   0x00000006   Code   RO          591    .ARM.Collect$$rtexit$$00000004  c_w.l(rtexit2.o)
    0x080001a6   0x080001a6   0x00000002   PAD
    0x080001a8   0x080001a8   0x00000000   Code   RO          595    .emb_text           c_w.l(maybetermalloc1.o)
    0x080001a8   0x080001a8   0x00000504   Code   RO            4    .text               main.o
    0x080006ac   0x080006ac   0x000000a4   Code   RO           95    .text               delay.o
    0x08000750   0x08000750   0x000001bc   Code   RO          122    .text               xprintf.o
    0x0800090c   0x0800090c   0x000000dc   Code   RO          142    .text               misc.o
    0x080009e8   0x080009e8   0x0000035c   Code   RO          166    .text               stm32f10x_gpio.o
    0x08000d44   0x08000d44   0x000003a4   Code   RO          190    .text               stm32f10x_rcc.o
    0x080010e8   0x080010e8   0x00000e1a   Code   RO          216    .text               stm32f10x_tim.o
    0x08001f02   0x08001f02   0x00000002   PAD
    0x08001f04   0x08001f04   0x00000040   Code   RO          240    .text               startup_stm32f10x_md.o
    0x08001f44   0x08001f44   0x000001e0   Code   RO          247    .text               system_stm32f10x.o
    0x08002124   0x08002124   0x00000408   Code   RO          277    .text               stm32f10x_usart.o
    0x0800252c   0x0800252c   0x00000018   Code   RO          302    .text               c_w.l(noretval__2printf.o)
    0x08002544   0x08002544   0x00000068   Code   RO          304    .text               c_w.l(__printf.o)
    0x080025ac   0x080025ac   0x00000052   Code   RO          306    .text               c_w.l(_printf_str.o)
    0x080025fe   0x080025fe   0x00000002   PAD
    0x08002600   0x08002600   0x00000078   Code   RO          308    .text               c_w.l(_printf_dec.o)
    0x08002678   0x08002678   0x00000048   Code   RO          333    .text               c_w.l(strcpy.o)
    0x080026c0   0x080026c0   0x0000003e   Code   RO          335    .text               c_w.l(strlen.o)
    0x080026fe   0x080026fe   0x00000006   Code   RO          337    .text               c_w.l(heapauxi.o)
    0x08002704   0x08002704   0x000000b2   Code   RO          342    .text               c_w.l(_printf_intcommon.o)
    0x080027b6   0x080027b6   0x0000002c   Code   RO          344    .text               c_w.l(_printf_char.o)
    0x080027e2   0x080027e2   0x00000002   PAD
    0x080027e4   0x080027e4   0x00000024   Code   RO          346    .text               c_w.l(_printf_char_file.o)
    0x08002808   0x08002808   0x00000030   Code   RO          370    .text               c_w.l(_printf_char_common.o)
    0x08002838   0x08002838   0x00000008   Code   RO          372    .text               c_w.l(ferror.o)
    0x08002840   0x08002840   0x00000138   Code   RO          374    .text               c_w.l(initio.o)
    0x08002978   0x08002978   0x00000066   Code   RO          380    .text               c_w.l(sys_io.o)
    0x080029de   0x080029de   0x0000004a   Code   RO          387    .text               c_w.l(sys_stackheap_outer.o)
    0x08002a28   0x08002a28   0x0000004e   Code   RO          391    .text               c_w.l(h1_free.o)
    0x08002a76   0x08002a76   0x00000046   Code   RO          447    .text               c_w.l(setvbuf.o)
    0x08002abc   0x08002abc   0x000000ec   Code   RO          450    .text               c_w.l(fopen.o)
    0x08002ba8   0x08002ba8   0x0000004c   Code   RO          452    .text               c_w.l(fclose.o)
    0x08002bf4   0x08002bf4   0x00000012   Code   RO          458    .text               c_w.l(exit.o)
    0x08002c06   0x08002c06   0x0000000e   Code   RO          460    .text               c_w.l(defsig_rtred_outer.o)
    0x08002c14   0x08002c14   0x0000004e   Code   RO          464    .text               c_w.l(rt_memclr_w.o)
    0x08002c62   0x08002c62   0x00000002   PAD
    0x08002c64   0x08002c64   0x00000008   Code   RO          535    .text               c_w.l(libspace.o)
    0x08002c6c   0x08002c6c   0x00000002   Code   RO          538    .text               c_w.l(use_no_semi.o)
    0x08002c6e   0x08002c6e   0x00000000   Code   RO          540    .text               c_w.l(indicate_semi.o)
    0x08002c6e   0x08002c6e   0x00000002   PAD
    0x08002c70   0x08002c70   0x00000008   Code   RO          548    .text               c_w.l(rt_heap_descriptor_intlibspace.o)
    0x08002c78   0x08002c78   0x00000004   Code   RO          550    .text               c_w.l(hguard.o)
    0x08002c7c   0x08002c7c   0x0000008a   Code   RO          552    .text               c_w.l(init_alloc.o)
    0x08002d06   0x08002d06   0x0000005e   Code   RO          558    .text               c_w.l(h1_alloc.o)
    0x08002d64   0x08002d64   0x000000f8   Code   RO          572    .text               c_w.l(fseek.o)
    0x08002e5c   0x08002e5c   0x000000f0   Code   RO          574    .text               c_w.l(stdio.o)
    0x08002f4c   0x08002f4c   0x0000000a   Code   RO          576    .text               c_w.l(defsig_exit.o)
    0x08002f56   0x08002f56   0x00000002   PAD
    0x08002f58   0x08002f58   0x00000034   Code   RO          578    .text               c_w.l(defsig_rtred_inner.o)
    0x08002f8c   0x08002f8c   0x0000000c   Code   RO          586    .text               c_w.l(sys_exit.o)
    0x08002f98   0x08002f98   0x0000000e   Code   RO          597    .text               c_w.l(h1_init.o)
    0x08002fa6   0x08002fa6   0x00000034   Code   RO          599    .text               c_w.l(h1_extend.o)
    0x08002fda   0x08002fda   0x00000042   Code   RO          605    .text               c_w.l(ftell.o)
    0x0800301c   0x0800301c   0x00000032   Code   RO          609    .text               c_w.l(defsig_general.o)
    0x0800304e   0x0800304e   0x0000000e   Code   RO          611    .text               c_w.l(defsig_rtmem_outer.o)
    0x0800305c   0x0800305c   0x0000000e   Code   RO          624    .text               c_w.l(sys_wrch.o)
    0x0800306a   0x0800306a   0x00000002   PAD
    0x0800306c   0x0800306c   0x00000008   Code   RO          631    .text               c_w.l(rt_errno_addr_intlibspace.o)
    0x08003074   0x08003074   0x00000050   Code   RO          637    .text               c_w.l(defsig_rtmem_inner.o)
    0x080030c4   0x080030c4   0x00000028   Data   RO          123    .constdata          xprintf.o
    0x080030ec   0x080030ec   0x00000004   Data   RO          381    .constdata          c_w.l(sys_io.o)
    0x080030f0   0x080030f0   0x00000004   Data   RO          382    .constdata          c_w.l(sys_io.o)
    0x080030f4   0x080030f4   0x00000004   Data   RO          383    .constdata          c_w.l(sys_io.o)
    0x080030f8   0x080030f8   0x000000b3   Data   RO          124    .conststring        xprintf.o
    0x080031ab   0x080031ab   0x00000001   PAD
    0x080031ac   0x080031ac   0x00000020   Data   RO          662    Region$$Table       anon$$obj.o


    Execution Region RW_IRAM1 (Exec base: 0x20000000, Load base: 0x080031cc, Size: 0x000007c0, Max: 0x00005000, ABSOLUTE)

    Exec Addr    Load Addr    Size         Type   Attr      Idx    E Section Name        Object

    0x20000000   0x080031cc   0x0000000c   Data   RW            6    .data               main.o
    0x2000000c   0x080031d8   0x00000004   Data   RW           96    .data               delay.o
    0x20000010   0x080031dc   0x0000001c   Data   RW          125    .data               xprintf.o
    0x2000002c   0x080031f8   0x00000014   Data   RW          191    .data               stm32f10x_rcc.o
    0x20000040   0x0800320c   0x00000014   Data   RW          248    .data               system_stm32f10x.o
    0x20000054   0x08003220   0x00000004   Data   RW          352    .data               c_w.l(stdio_streams.o)
    0x20000058   0x08003224   0x00000004   Data   RW          353    .data               c_w.l(stdio_streams.o)
    0x2000005c   0x08003228   0x00000004   Data   RW          354    .data               c_w.l(stdio_streams.o)
    0x20000060        -       0x00000054   Zero   RW          349    .bss                c_w.l(stdio_streams.o)
    0x200000b4        -       0x00000054   Zero   RW          350    .bss                c_w.l(stdio_streams.o)
    0x20000108        -       0x00000054   Zero   RW          351    .bss                c_w.l(stdio_streams.o)
    0x2000015c        -       0x00000060   Zero   RW          536    .bss                c_w.l(libspace.o)
    0x200001bc   0x0800322c   0x00000004   PAD
    0x200001c0        -       0x00000200   Zero   RW          238    HEAP                startup_stm32f10x_md.o
    0x200003c0        -       0x00000400   Zero   RW          237    STACK               startup_stm32f10x_md.o


==============================================================================

Image component sizes


      Code (inc. data)   RO Data    RW Data    ZI Data      Debug   Object Name

       164         22          0          4          0      26859   delay.o
      1284         94          0         12          0     259141   main.o
       220         22          0          0          0       1913   misc.o
        64         26        236          0       1536        828   startup_stm32f10x_md.o
       860         38          0          0          0       5841   stm32f10x_gpio.o
       932         36          0         20          0       9004   stm32f10x_rcc.o
      3610         88          0          0          0      22952   stm32f10x_tim.o
      1032         22          0          0          0       8572   stm32f10x_usart.o
       480         38          0         20          0       1931   system_stm32f10x.o
       444         88        219         28          0       1404   xprintf.o

    ----------------------------------------------------------------------
      9092        474        488         84       1536     338445   Object Totals
         0          0         32          0          0          0   (incl. Generated)
         2          0          1          0          0          0   (incl. Padding)

    ----------------------------------------------------------------------

      Code (inc. data)   RO Data    RW Data    ZI Data      Debug   Library Member Name

         8          0          0          0          0         68   __main.o
       104          0          0          0          0         84   __printf.o
         0          0          0          0          0          0   __rtentry.o
        12          0          0          0          0          0   __rtentry2.o
         6          0          0          0          0          0   __rtentry4.o
        52          8          0          0          0          0   __scatter.o
        26          0          0          0          0          0   __scatter_copy.o
        28          0          0          0          0          0   __scatter_zi.o
         6          0          0          0          0          0   _printf_c.o
        44          0          0          0          0        108   _printf_char.o
        48          6          0          0          0         96   _printf_char_common.o
        36          4          0          0          0         80   _printf_char_file.o
         6          0          0          0          0          0   _printf_d.o
       120         16          0          0          0         92   _printf_dec.o
       178          0          0          0          0         88   _printf_intcommon.o
         0          0          0          0          0          0   _printf_percent.o
         4          0          0          0          0          0   _printf_percent_end.o
        82          0          0          0          0         80   _printf_str.o
        10          0          0          0          0         68   defsig_exit.o
        50          0          0          0          0         88   defsig_general.o
        80         58          0          0          0         76   defsig_rtmem_inner.o
        14          0          0          0          0         80   defsig_rtmem_outer.o
        52         38          0          0          0         76   defsig_rtred_inner.o
        14          0          0          0          0         80   defsig_rtred_outer.o
        18          0          0          0          0         80   exit.o
        76          0          0          0          0         88   fclose.o
         8          0          0          0          0         68   ferror.o
       236          4          0          0          0        128   fopen.o
       248          6          0          0          0         84   fseek.o
        66          0          0          0          0         76   ftell.o
        94          0          0          0          0         80   h1_alloc.o
        52          0          0          0          0         68   h1_extend.o
        78          0          0          0          0         80   h1_free.o
        14          0          0          0          0         84   h1_init.o
         6          0          0          0          0        152   heapauxi.o
         4          0          0          0          0        136   hguard.o
         0          0          0          0          0          0   indicate_semi.o
       138          0          0          0          0        168   init_alloc.o
       312         46          0          0          0        112   initio.o
         2          0          0          0          0          0   libinit.o
        14          0          0          0          0          0   libinit2.o
         2          0          0          0          0          0   libshutdown.o
         6          0          0          0          0          0   libshutdown2.o
         8          4          0          0         96         68   libspace.o
         0          0          0          0          0          0   maybetermalloc1.o
        24          4          0          0          0         84   noretval__2printf.o
         8          4          0          0          0         68   rt_errno_addr_intlibspace.o
         8          4          0          0          0         68   rt_heap_descriptor_intlibspace.o
        78          0          0          0          0         80   rt_memclr_w.o
         2          0          0          0          0          0   rtexit.o
        10          0          0          0          0          0   rtexit2.o
        70          0          0          0          0         80   setvbuf.o
       240          6          0          0          0        156   stdio.o
         0          0          0         12        252          0   stdio_streams.o
        72          0          0          0          0         80   strcpy.o
        62          0          0          0          0         76   strlen.o
        12          4          0          0          0         68   sys_exit.o
       102          0         12          0          0        240   sys_io.o
        74          0          0          0          0         80   sys_stackheap_outer.o
        14          0          0          0          0         76   sys_wrch.o
         2          0          0          0          0         68   use_no_semi.o

    ----------------------------------------------------------------------
      3156        212         12         12        352       3860   Library Totals
        16          0          0          0          4          0   (incl. Padding)

    ----------------------------------------------------------------------

      Code (inc. data)   RO Data    RW Data    ZI Data      Debug   Library Name

      3140        212         12         12        348       3860   c_w.l

    ----------------------------------------------------------------------
      3156        212         12         12        352       3860   Library Totals

    ----------------------------------------------------------------------

==============================================================================


      Code (inc. data)   RO Data    RW Data    ZI Data      Debug   

     12248        686        500         96       1888     339337   Grand Totals
     12248        686        500         96       1888     339337   ELF Image Totals
     12248        686        500         96          0          0   ROM Totals

==============================================================================

    Total RO  Size (Code + RO Data)                12748 (  12.45kB)
    Total RW  Size (RW Data + ZI Data)              1984 (   1.94kB)
    Total ROM Size (Code + RO Data + RW Data)      12844 (  12.54kB)

==============================================================================

